Component: ARM Compiler 5.06 update 1 (build 61) Tool: armlink [4d35a8]

==============================================================================

Section Cross References

    main.o(i.advertising_init) refers to memseta.o(.text) for __aeabi_memclr4
    main.o(i.advertising_init) refers to ble_advertising.o(i.ble_advertising_init) for ble_advertising_init
    main.o(i.advertising_init) refers to app_error.o(i.app_error_handler_bare) for app_error_handler_bare
    main.o(i.advertising_init) refers to main.o(.data) for .data
    main.o(i.advertising_init) refers to main.o(i.ble_advertising_error_handler) for ble_advertising_error_handler
    main.o(i.advertising_init) refers to main.o(i.on_adv_evt) for on_adv_evt
    main.o(i.advertising_start) refers to memseta.o(.text) for __aeabi_memset
    main.o(i.advertising_start) refers to peer_manager.o(i.pm_next_peer_id_get) for pm_next_peer_id_get
    main.o(i.advertising_start) refers to peer_manager.o(i.pm_whitelist_set) for pm_whitelist_set
    main.o(i.advertising_start) refers to app_error.o(i.app_error_handler_bare) for app_error_handler_bare
    main.o(i.advertising_start) refers to peer_manager.o(i.pm_device_identities_list_set) for pm_device_identities_list_set
    main.o(i.advertising_start) refers to ble_advertising.o(i.ble_advertising_start) for ble_advertising_start
    main.o(i.advertising_start) refers to main.o(.bss) for .bss
    main.o(i.advertising_start) refers to main.o(.data) for .data
    main.o(i.assert_nrf_callback) refers to app_error.o(i.app_error_handler) for app_error_handler
    main.o(i.bas_init) refers to memseta.o(.text) for __aeabi_memclr4
    main.o(i.bas_init) refers to ble_bas.o(i.ble_bas_init) for ble_bas_init
    main.o(i.bas_init) refers to app_error.o(i.app_error_handler_bare) for app_error_handler_bare
    main.o(i.bas_init) refers to main.o(.bss) for .bss
    main.o(i.battery_level_meas_timeout_handler) refers to sensorsim.o(i.sensorsim_measure) for sensorsim_measure
    main.o(i.battery_level_meas_timeout_handler) refers to ble_bas.o(i.ble_bas_battery_level_update) for ble_bas_battery_level_update
    main.o(i.battery_level_meas_timeout_handler) refers to app_error.o(i.app_error_handler_bare) for app_error_handler_bare
    main.o(i.battery_level_meas_timeout_handler) refers to main.o(.bss) for .bss
    main.o(i.battery_level_meas_timeout_handler) refers to main.o(.data) for .data
    main.o(i.ble_advertising_error_handler) refers to app_error.o(i.app_error_handler_bare) for app_error_handler_bare
    main.o(i.ble_evt_dispatch) refers to ble_conn_state.o(i.ble_conn_state_on_ble_evt) for ble_conn_state_on_ble_evt
    main.o(i.ble_evt_dispatch) refers to peer_manager.o(i.pm_on_ble_evt) for pm_on_ble_evt
    main.o(i.ble_evt_dispatch) refers to bsp_btn_ble.o(i.bsp_btn_ble_on_ble_evt) for bsp_btn_ble_on_ble_evt
    main.o(i.ble_evt_dispatch) refers to main.o(i.on_ble_evt) for on_ble_evt
    main.o(i.ble_evt_dispatch) refers to ble_advertising.o(i.ble_advertising_on_ble_evt) for ble_advertising_on_ble_evt
    main.o(i.ble_evt_dispatch) refers to ble_conn_params.o(i.ble_conn_params_on_ble_evt) for ble_conn_params_on_ble_evt
    main.o(i.ble_evt_dispatch) refers to ble_hids.o(i.ble_hids_on_ble_evt) for ble_hids_on_ble_evt
    main.o(i.ble_evt_dispatch) refers to ble_bas.o(i.ble_bas_on_ble_evt) for ble_bas_on_ble_evt
    main.o(i.ble_evt_dispatch) refers to main.o(.bss) for .bss
    main.o(i.ble_stack_init) refers to softdevice_handler.o(i.softdevice_handler_init) for softdevice_handler_init
    main.o(i.ble_stack_init) refers to app_error.o(i.app_error_handler_bare) for app_error_handler_bare
    main.o(i.ble_stack_init) refers to softdevice_handler.o(i.softdevice_enable_get_default_config) for softdevice_enable_get_default_config
    main.o(i.ble_stack_init) refers to softdevice_handler.o(i.softdevice_enable) for softdevice_enable
    main.o(i.ble_stack_init) refers to softdevice_handler.o(i.softdevice_ble_evt_handler_set) for softdevice_ble_evt_handler_set
    main.o(i.ble_stack_init) refers to softdevice_handler.o(i.softdevice_sys_evt_handler_set) for softdevice_sys_evt_handler_set
    main.o(i.ble_stack_init) refers to main.o(.constdata) for .constdata
    main.o(i.ble_stack_init) refers to softdevice_handler_appsh.o(i.softdevice_evt_schedule) for softdevice_evt_schedule
    main.o(i.ble_stack_init) refers to main.o(.bss) for .bss
    main.o(i.ble_stack_init) refers to main.o(i.ble_evt_dispatch) for ble_evt_dispatch
    main.o(i.ble_stack_init) refers to main.o(i.sys_evt_dispatch) for sys_evt_dispatch
    main.o(i.bsp_event_handler) refers to radial_controller.o(i.radial_controller_send) for radial_controller_send
    main.o(i.bsp_event_handler) refers to app_error.o(i.app_error_handler_bare) for app_error_handler_bare
    main.o(i.bsp_event_handler) refers to ble_advertising.o(i.ble_advertising_restart_without_whitelist) for ble_advertising_restart_without_whitelist
[...]
    SWI4_IRQHandler                          0x0001b0f9   Thumb Code     0  arm_startup_nrf51.o(.text)
    SWI5_IRQHandler                          0x0001b0f9   Thumb Code     0  arm_startup_nrf51.o(.text)
    TEMP_IRQHandler                          0x0001b0f9   Thumb Code     0  arm_startup_nrf51.o(.text)
    TIMER0_IRQHandler                        0x0001b0f9   Thumb Code     0  arm_startup_nrf51.o(.text)
    TIMER1_IRQHandler                        0x0001b0f9   Thumb Code     0  arm_startup_nrf51.o(.text)
    TIMER2_IRQHandler                        0x0001b0f9   Thumb Code     0  arm_startup_nrf51.o(.text)
    WDT_IRQHandler                           0x0001b0f9   Thumb Code     0  arm_startup_nrf51.o(.text)
    __aeabi_uidiv                            0x0001b10d   Thumb Code     0  uidiv.o(.text)
    __aeabi_uidivmod                         0x0001b10d   Thumb Code    44  uidiv.o(.text)
    __rt_ctype_table                         0x0001b139   Thumb Code     4  ctype_o.o(.text)
    __aeabi_memcpy                           0x0001b141   Thumb Code    36  memcpya.o(.text)
    __aeabi_memcpy4                          0x0001b141   Thumb Code     0  memcpya.o(.text)
    __aeabi_memcpy8                          0x0001b141   Thumb Code     0  memcpya.o(.text)
    __aeabi_memset                           0x0001b165   Thumb Code    14  memseta.o(.text)
    __aeabi_memset4                          0x0001b165   Thumb Code     0  memseta.o(.text)
    __aeabi_memset8                          0x0001b165   Thumb Code     0  memseta.o(.text)
    __aeabi_memclr                           0x0001b173   Thumb Code     4  memseta.o(.text)
    __aeabi_memclr4                          0x0001b173   Thumb Code     0  memseta.o(.text)
    __aeabi_memclr8                          0x0001b173   Thumb Code     0  memseta.o(.text)
    _memset$wrapper                          0x0001b177   Thumb Code    18  memseta.o(.text)
    strlen                                   0x0001b189   Thumb Code    14  strlen.o(.text)
    memcmp                                   0x0001b197   Thumb Code    26  memcmp.o(.text)
    strcpy                                   0x0001b1b1   Thumb Code    18  strcpy.o(.text)
    __aeabi_uldivmod                         0x0001b1c3   Thumb Code    96  uldiv.o(.text)
    __scatterload                            0x0001b225   Thumb Code    28  init.o(.text)
    __scatterload_rt2                        0x0001b225   Thumb Code     0  init.o(.text)
    __aeabi_llsl                             0x0001b249   Thumb Code    32  llshl.o(.text)
    _ll_shift_l                              0x0001b249   Thumb Code     0  llshl.o(.text)
    __aeabi_llsr                             0x0001b269   Thumb Code    34  llushr.o(.text)
    _ll_ushift_r                             0x0001b269   Thumb Code     0  llushr.o(.text)
    __decompress                             0x0001b28b   Thumb Code     0  __dczerorl2.o(.text)
    __decompress1                            0x0001b28b   Thumb Code    86  __dczerorl2.o(.text)
    GPIOTE_IRQHandler                        0x0001b2e1   Thumb Code   364  nrf_drv_gpiote.o(i.GPIOTE_IRQHandler)
    POWER_CLOCK_IRQHandler                   0x0001b49d   Thumb Code    70  nrf_drv_clock.o(i.POWER_CLOCK_IRQHandler)
    RTC1_IRQHandler                          0x0001b4f1   Thumb Code    28  app_timer.o(i.RTC1_IRQHandler)
    SEGGER_RTT_Init                          0x0001b511   Thumb Code    16  segger_rtt.o(i.SEGGER_RTT_Init)
    SEGGER_RTT_WriteNoLock                   0x0001b525   Thumb Code    86  segger_rtt.o(i.SEGGER_RTT_WriteNoLock)
    SWI0_IRQHandler                          0x0001b581   Thumb Code     8  app_timer.o(i.SWI0_IRQHandler)
    SWI2_IRQHandler                          0x0001b589   Thumb Code    28  softdevice_handler.o(i.SWI2_IRQHandler)
    SystemInit                               0x0001b5a9   Thumb Code   130  system_nrf51.o(i.SystemInit)
    UART0_IRQHandler                         0x0001b649   Thumb Code    12  nrf_drv_uart.o(i.UART0_IRQHandler)
    __0snprintf$8                            0x0001b77d   Thumb Code    38  printf8.o(i.__0snprintf$8)
    __1snprintf$8                            0x0001b77d   Thumb Code     0  printf8.o(i.__0snprintf$8)
    __2snprintf                              0x0001b77d   Thumb Code     0  printf8.o(i.__0snprintf$8)
    __ARM_common_switch8                     0x0001b7a9   Thumb Code    26  main.o(i.__ARM_common_switch8)
    __scatterload_copy                       0x0001b7c3   Thumb Code    14  handlers.o(i.__scatterload_copy)
    __scatterload_null                       0x0001b7d1   Thumb Code     2  handlers.o(i.__scatterload_null)
    __scatterload_zeroinit                   0x0001b7d3   Thumb Code    14  handlers.o(i.__scatterload_zeroinit)
    addr_compare                             0x0001bc87   Thumb Code    40  id_manager.o(i.addr_compare)
    adv_data_encode                          0x0001bcaf   Thumb Code   398  ble_advdata.o(i.adv_data_encode)
    ah                                       0x0001bfdd   Thumb Code    78  id_manager.o(i.ah)
    app_button_enable                        0x0001c035   Thumb Code    32  app_button.o(i.app_button_enable)
    app_button_init                          0x0001c059   Thumb Code   100  app_button.o(i.app_button_init)
    app_error_fault_handler                  0x0001c0cd   Thumb Code    26  app_error_weak.o(i.app_error_fault_handler)
    app_error_handler_bare                   0x0001c109   Thumb Code    20  app_error.o(i.app_error_handler_bare)
    app_sched_event_put                      0x0001c121   Thumb Code   146  app_scheduler.o(i.app_sched_event_put)
    app_sched_execute                        0x0001c1bd   Thumb Code    56  app_scheduler.o(i.app_sched_execute)
    app_sched_init                           0x0001c1f9   Thumb Code    40  app_scheduler.o(i.app_sched_init)
    app_timer_create                         0x0001c225   Thumb Code    40  app_timer.o(i.app_timer_create)
    app_timer_evt_schedule                   0x0001c269   Thumb Code    18  app_timer_appsh.o(i.app_timer_evt_schedule)
    app_timer_init                           0x0001c281   Thumb Code    98  app_timer.o(i.app_timer_init)
    app_timer_start                          0x0001c2f5   Thumb Code   128  app_timer.o(i.app_timer_start)
    app_timer_stop                           0x0001c37d   Thumb Code    36  app_timer.o(i.app_timer_stop)
    app_util_critical_region_enter           0x0001c3a5   Thumb Code    48  app_util_platform.o(i.app_util_critical_region_enter)
    app_util_critical_region_exit            0x0001c3e1   Thumb Code    36  app_util_platform.o(i.app_util_critical_region_exit)
    ble_advdata_set                          0x0001c675   Thumb Code   104  ble_advdata.o(i.ble_advdata_set)
    ble_advertising_init                     0x0001c6e5   Thumb Code   340  ble_advertising.o(i.ble_advertising_init)
    ble_advertising_on_ble_evt               0x0001c841   Thumb Code    82  ble_advertising.o(i.ble_advertising_on_ble_evt)
    ble_advertising_on_sys_evt               0x0001c899   Thumb Code    42  ble_advertising.o(i.ble_advertising_on_sys_evt)
    ble_advertising_peer_addr_reply          0x0001c8c9   Thumb Code    34  ble_advertising.o(i.ble_advertising_peer_addr_reply)
    ble_advertising_restart_without_whitelist 0x0001c8f1   Thumb Code    50  ble_advertising.o(i.ble_advertising_restart_without_whitelist)
    ble_advertising_start                    0x0001c92d   Thumb Code   256  ble_advertising.o(i.ble_advertising_start)
    ble_advertising_whitelist_reply          0x0001ca35   Thumb Code    96  ble_advertising.o(i.ble_advertising_whitelist_reply)
    ble_bas_battery_level_update             0x0001ca99   Thumb Code   112  ble_bas.o(i.ble_bas_battery_level_update)
    ble_bas_init                             0x0001cb0d   Thumb Code    66  ble_bas.o(i.ble_bas_init)
    ble_bas_on_ble_evt                       0x0001cb55   Thumb Code    96  ble_bas.o(i.ble_bas_on_ble_evt)
    ble_conn_params_init                     0x0001cbb5   Thumb Code    68  ble_conn_params.o(i.ble_conn_params_init)
    ble_conn_params_on_ble_evt               0x0001cc09   Thumb Code   130  ble_conn_params.o(i.ble_conn_params_on_ble_evt)
    ble_conn_state_conn_handles              0x0001cc99   Thumb Code    14  ble_conn_state.o(i.ble_conn_state_conn_handles)
    ble_conn_state_encrypted                 0x0001ccad   Thumb Code    16  ble_conn_state.o(i.ble_conn_state_encrypted)
    ble_conn_state_mitm_protected            0x0001ccc1   Thumb Code    16  ble_conn_state.o(i.ble_conn_state_mitm_protected)
    ble_conn_state_on_ble_evt                0x0001ccd5   Thumb Code   238  ble_conn_state.o(i.ble_conn_state_on_ble_evt)
    ble_conn_state_role                      0x0001cdcd   Thumb Code    46  ble_conn_state.o(i.ble_conn_state_role)
    ble_conn_state_user_flag_acquire         0x0001ce01   Thumb Code    42  ble_conn_state.o(i.ble_conn_state_user_flag_acquire)
    ble_conn_state_user_flag_collection      0x0001ce31   Thumb Code    20  ble_conn_state.o(i.ble_conn_state_user_flag_collection)
    ble_conn_state_user_flag_get             0x0001ce49   Thumb Code    32  ble_conn_state.o(i.ble_conn_state_user_flag_get)
    ble_conn_state_user_flag_set             0x0001ce6d   Thumb Code    36  ble_conn_state.o(i.ble_conn_state_user_flag_set)
    ble_dis_init                             0x0001cef5   Thumb Code   308  ble_dis.o(i.ble_dis_init)
    ble_hids_boot_kb_inp_rep_send            0x0001d075   Thumb Code    74  ble_hids.o(i.ble_hids_boot_kb_inp_rep_send)
    ble_hids_init                            0x0001d0c5   Thumb Code   296  ble_hids.o(i.ble_hids_init)
    ble_hids_inp_rep_send                    0x0001d1f5   Thumb Code    92  ble_hids.o(i.ble_hids_inp_rep_send)
    ble_hids_on_ble_evt                      0x0001d255   Thumb Code   152  ble_hids.o(i.ble_hids_on_ble_evt)
    ble_hids_outp_rep_get                    0x0001d2ed   Thumb Code    38  ble_hids.o(i.ble_hids_outp_rep_get)
    ble_srv_ascii_to_utf8                    0x0001d313   Thumb Code    18  ble_srv_common.o(i.ble_srv_ascii_to_utf8)
    ble_srv_is_notification_enabled          0x0001d325   Thumb Code    14  ble_srv_common.o(i.ble_srv_is_notification_enabled)
    ble_srv_report_ref_encode                0x0001d333   Thumb Code    12  ble_srv_common.o(i.ble_srv_report_ref_encode)
    bsp_board_button_idx_to_pin              0x0001d4f1   Thumb Code     6  boards.o(i.bsp_board_button_idx_to_pin)
    bsp_board_button_state_get               0x0001d4fd   Thumb Code    24  boards.o(i.bsp_board_button_state_get)
    bsp_board_led_invert                     0x0001d51d   Thumb Code    24  boards.o(i.bsp_board_led_invert)
    bsp_board_led_off                        0x0001d53d   Thumb Code    14  boards.o(i.bsp_board_led_off)
    bsp_board_led_on                         0x0001d551   Thumb Code    14  boards.o(i.bsp_board_led_on)
    bsp_board_led_state_get                  0x0001d565   Thumb Code    24  boards.o(i.bsp_board_led_state_get)
    bsp_board_leds_init                      0x0001d585   Thumb Code    36  boards.o(i.bsp_board_leds_init)
    bsp_board_leds_off                       0x0001d5ad   Thumb Code    18  boards.o(i.bsp_board_leds_off)
    bsp_board_leds_on                        0x0001d5bf   Thumb Code    18  boards.o(i.bsp_board_leds_on)
    bsp_board_pin_to_button_idx              0x0001d5d1   Thumb Code    30  boards.o(i.bsp_board_pin_to_button_idx)
    bsp_btn_ble_init                         0x0001d5f5   Thumb Code    58  bsp_btn_ble.o(i.bsp_btn_ble_init)
    bsp_btn_ble_on_ble_evt                   0x0001d635   Thumb Code   114  bsp_btn_ble.o(i.bsp_btn_ble_on_ble_evt)
    bsp_btn_ble_sleep_mode_prepare           0x0001d6ad   Thumb Code    34  bsp_btn_ble.o(i.bsp_btn_ble_sleep_mode_prepare)
    bsp_button_is_pressed                    0x0001d765   Thumb Code     8  bsp.o(i.bsp_button_is_pressed)
    bsp_event_to_button_action_assign        0x0001d7c9   Thumb Code    66  bsp.o(i.bsp_event_to_button_action_assign)
    bsp_indication_set                       0x0001d811   Thumb Code    22  bsp.o(i.bsp_indication_set)
    bsp_init                                 0x0001d82d   Thumb Code   132  bsp.o(i.bsp_init)
    bsp_wakeup_button_enable                 0x0001da45   Thumb Code    16  bsp.o(i.bsp_wakeup_button_enable)
    chunk_queue_next                         0x0001dc55   Thumb Code    20  fds.o(i.chunk_queue_next)
    fds_file_delete                          0x0001e28d   Thumb Code    66  fds.o(i.fds_file_delete)
    fds_gc                                   0x0001e2d9   Thumb Code    62  fds.o(i.fds_gc)
    fds_init                                 0x0001e321   Thumb Code   130  fds.o(i.fds_init)
    fds_record_close                         0x0001e3a9   Thumb Code    60  fds.o(i.fds_record_close)
    fds_record_find                          0x0001e3e9   Thumb Code    14  fds.o(i.fds_record_find)
    fds_record_find_by_key                   0x0001e3f7   Thumb Code    16  fds.o(i.fds_record_find_by_key)
    fds_record_find_in_file                  0x0001e407   Thumb Code    16  fds.o(i.fds_record_find_in_file)
    fds_record_id_from_desc                  0x0001e417   Thumb Code    20  fds.o(i.fds_record_id_from_desc)
    fds_record_open                          0x0001e42d   Thumb Code    64  fds.o(i.fds_record_open)
    fds_record_update                        0x0001e471   Thumb Code    20  fds.o(i.fds_record_update)
    fds_record_write                         0x0001e485   Thumb Code    12  fds.o(i.fds_record_write)
    fds_record_write_reserved                0x0001e491   Thumb Code    18  fds.o(i.fds_record_write_reserved)
    fds_register                             0x0001e4a5   Thumb Code    28  fds.o(i.fds_register)
    fds_reserve                              0x0001e4c9   Thumb Code    48  fds.o(i.fds_reserve)
    fds_reserve_cancel                       0x0001e4fd   Thumb Code    62  fds.o(i.fds_reserve_cancel)
    fs_erase                                 0x0001e669   Thumb Code   118  fstorage.o(i.fs_erase)
    fs_init                                  0x0001e6f1   Thumb Code   154  fstorage.o(i.fs_init)
    fs_queued_op_count_get                   0x0001e79d   Thumb Code    18  fstorage.o(i.fs_queued_op_count_get)
    fs_store                                 0x0001e7b5   Thumb Code   128  fstorage.o(i.fs_store)
    fs_sys_event_handler                     0x0001e839   Thumb Code    94  fstorage.o(i.fs_sys_event_handler)
    gcm_ble_evt_handler                      0x0001ead1   Thumb Code   232  gatt_cache_manager.o(i.gcm_ble_evt_handler)
    gcm_gscm_evt_handler                     0x0001ebc1   Thumb Code    96  gatt_cache_manager.o(i.gcm_gscm_evt_handler)
    gcm_im_evt_handler                       0x0001ec29   Thumb Code    40  gatt_cache_manager.o(i.gcm_im_evt_handler)
    gcm_init                                 0x0001ec55   Thumb Code    66  gatt_cache_manager.o(i.gcm_init)
    gcm_local_database_has_changed           0x0001ec9d   Thumb Code    66  gatt_cache_manager.o(i.gcm_local_database_has_changed)
    gcm_smd_evt_handler                      0x0001ece9   Thumb Code    16  gatt_cache_manager.o(i.gcm_smd_evt_handler)
    get_connection_by_conn_handle            0x0001ecf9   Thumb Code    48  id_manager.o(i.get_connection_by_conn_handle)
    get_free_connection                      0x0001ed31   Thumb Code    40  id_manager.o(i.get_free_connection)
    gscm_db_change_notification_done         0x0001edb1   Thumb Code    22  gatts_cache_manager.o(i.gscm_db_change_notification_done)
    gscm_init                                0x0001edcd   Thumb Code    16  gatts_cache_manager.o(i.gscm_init)
    gscm_local_database_has_changed          0x0001ede1   Thumb Code    18  gatts_cache_manager.o(i.gscm_local_database_has_changed)
    gscm_local_db_cache_apply                0x0001edfd   Thumb Code   104  gatts_cache_manager.o(i.gscm_local_db_cache_apply)
    gscm_local_db_cache_update               0x0001ee69   Thumb Code   124  gatts_cache_manager.o(i.gscm_local_db_cache_update)
    gscm_pdb_evt_handler                     0x0001eeed   Thumb Code    72  gatts_cache_manager.o(i.gscm_pdb_evt_handler)
    gscm_service_changed_ind_needed          0x0001ef3d   Thumb Code    28  gatts_cache_manager.o(i.gscm_service_changed_ind_needed)
    gscm_service_changed_ind_send            0x0001ef59   Thumb Code    32  gatts_cache_manager.o(i.gscm_service_changed_ind_send)
    im_address_resolve                       0x0001f235   Thumb Code    64  id_manager.o(i.im_address_resolve)
    im_ble_addr_get                          0x0001f275   Thumb Code    38  id_manager.o(i.im_ble_addr_get)
    im_ble_evt_handler                       0x0001f2a1   Thumb Code   162  id_manager.o(i.im_ble_evt_handler)
    im_conn_handle_get                       0x0001f349   Thumb Code    34  id_manager.o(i.im_conn_handle_get)
    im_device_identities_list_set            0x0001f375   Thumb Code     4  id_manager.o(i.im_device_identities_list_set)
    im_init                                  0x0001f379   Thumb Code    60  id_manager.o(i.im_init)
    im_is_duplicate_bonding_data             0x0001f3c1   Thumb Code    56  id_manager.o(i.im_is_duplicate_bonding_data)
    im_master_id_is_valid                    0x0001f3f9   Thumb Code    28  id_manager.o(i.im_master_id_is_valid)
    im_master_ids_compare                    0x0001f415   Thumb Code    44  id_manager.o(i.im_master_ids_compare)
    im_new_peer_id                           0x0001f441   Thumb Code     8  id_manager.o(i.im_new_peer_id)
    im_pdb_evt_handler                       0x0001f449   Thumb Code   110  id_manager.o(i.im_pdb_evt_handler)
    im_peer_free                             0x0001f4b9   Thumb Code    38  id_manager.o(i.im_peer_free)
    im_peer_id_get_by_conn_handle            0x0001f4e5   Thumb Code    24  id_manager.o(i.im_peer_id_get_by_conn_handle)
    im_peer_id_get_by_master_id              0x0001f505   Thumb Code    62  id_manager.o(i.im_peer_id_get_by_master_id)
    im_whitelist_get                         0x0001f549   Thumb Code    48  id_manager.o(i.im_whitelist_get)
    im_whitelist_set                         0x0001f581   Thumb Code    46  id_manager.o(i.im_whitelist_set)
    intern_softdevice_events_execute         0x0001f6f5   Thumb Code   122  softdevice_handler.o(i.intern_softdevice_events_execute)
    is_valid_irk                             0x0001f7d9   Thumb Code    22  id_manager.o(i.is_valid_irk)
    main                                     0x0001fdfd   Thumb Code   334  main.o(i.main)
    new_connection                           0x000200c5   Thumb Code    80  id_manager.o(i.new_connection)
    next_id_get                              0x00020121   Thumb Code    48  peer_id.o(i.next_id_get)
    nrf_drv_clock_init                       0x000201a5   Thumb Code    60  nrf_drv_clock.o(i.nrf_drv_clock_init)
    nrf_drv_clock_on_sd_enable               0x000201ed   Thumb Code    46  nrf_drv_clock.o(i.nrf_drv_clock_on_sd_enable)
    nrf_drv_clock_on_soc_event               0x00020221   Thumb Code    12  nrf_drv_clock.o(i.nrf_drv_clock_on_soc_event)
    nrf_drv_common_irq_enable                0x0002022d   Thumb Code    78  nrf_drv_common.o(i.nrf_drv_common_irq_enable)
    nrf_drv_gpiote_in_event_enable           0x0002028d   Thumb Code   136  nrf_drv_gpiote.o(i.nrf_drv_gpiote_in_event_enable)
    nrf_drv_gpiote_in_init                   0x00020325   Thumb Code   154  nrf_drv_gpiote.o(i.nrf_drv_gpiote_in_init)
    nrf_drv_gpiote_in_is_set                 0x000203cd   Thumb Code    16  nrf_drv_gpiote.o(i.nrf_drv_gpiote_in_is_set)
    nrf_drv_gpiote_init                      0x000203e1   Thumb Code    84  nrf_drv_gpiote.o(i.nrf_drv_gpiote_init)
    nrf_drv_gpiote_is_init                   0x0002043d   Thumb Code    12  nrf_drv_gpiote.o(i.nrf_drv_gpiote_is_init)
    nrf_log_backend_hexdump_handler_get      0x00020545   Thumb Code     4  nrf_log_backend_serial.o(i.nrf_log_backend_hexdump_handler_get)
    nrf_log_backend_init                     0x0002054d   Thumb Code    32  nrf_log_backend_serial.o(i.nrf_log_backend_init)
    nrf_log_backend_std_handler_get          0x00020785   Thumb Code     4  nrf_log_backend_serial.o(i.nrf_log_backend_std_handler_get)
    nrf_log_frontend_std_0                   0x000207a5   Thumb Code    12  nrf_log_frontend.o(i.nrf_log_frontend_std_0)
    nrf_log_frontend_std_1                   0x000207b1   Thumb Code    14  nrf_log_frontend.o(i.nrf_log_frontend_std_1)
    nrf_log_frontend_std_2                   0x000207bf   Thumb Code    16  nrf_log_frontend.o(i.nrf_log_frontend_std_2)
    nrf_log_frontend_std_3                   0x000207cf   Thumb Code    18  nrf_log_frontend.o(i.nrf_log_frontend_std_3)
    nrf_log_handlers_set                     0x000207e1   Thumb Code     8  nrf_log_frontend.o(i.nrf_log_handlers_set)
    nrf_log_init                             0x000207ed   Thumb Code    34  nrf_log_frontend.o(i.nrf_log_init)
    pdb_init                                 0x00021189   Thumb Code    62  peer_database.o(i.pdb_init)
    pdb_next_deleted_peer_id_get             0x000211d5   Thumb Code     8  peer_database.o(i.pdb_next_deleted_peer_id_get)
    pdb_next_peer_id_get                     0x000211dd   Thumb Code     8  peer_database.o(i.pdb_next_peer_id_get)
    pdb_pds_evt_handler                      0x000211e5   Thumb Code   300  peer_database.o(i.pdb_pds_evt_handler)
    pdb_peer_allocate                        0x00021319   Thumb Code     8  peer_database.o(i.pdb_peer_allocate)
    pdb_peer_data_load                       0x00021321   Thumb Code    16  peer_database.o(i.pdb_peer_data_load)
    pdb_peer_data_ptr_get                    0x00021331   Thumb Code    10  peer_database.o(i.pdb_peer_data_ptr_get)
    pdb_peer_free                            0x0002133b   Thumb Code    74  peer_database.o(i.pdb_peer_free)
    pdb_raw_store                            0x00021385   Thumb Code    12  peer_database.o(i.pdb_raw_store)
    pdb_write_buf_get                        0x00021391   Thumb Code   256  peer_database.o(i.pdb_write_buf_get)
    pdb_write_buf_release                    0x00021499   Thumb Code    42  peer_database.o(i.pdb_write_buf_release)
    pdb_write_buf_store                      0x000214c5   Thumb Code   190  peer_database.o(i.pdb_write_buf_store)
    pdb_write_buf_store_prepare              0x0002158d   Thumb Code    98  peer_database.o(i.pdb_write_buf_store_prepare)
    pds_init                                 0x00021601   Thumb Code   100  peer_data_storage.o(i.pds_init)
    pds_next_deleted_peer_id_get             0x00021671   Thumb Code     8  peer_data_storage.o(i.pds_next_deleted_peer_id_get)
    pds_next_peer_id_get                     0x00021679   Thumb Code     8  peer_data_storage.o(i.pds_next_peer_id_get)
    pds_peer_data_iterate                    0x00021681   Thumb Code    80  peer_data_storage.o(i.pds_peer_data_iterate)
    pds_peer_data_iterate_prepare            0x000216d5   Thumb Code    10  peer_data_storage.o(i.pds_peer_data_iterate_prepare)
    pds_peer_data_read                       0x000216e5   Thumb Code   112  peer_data_storage.o(i.pds_peer_data_read)
    pds_peer_data_store                      0x00021755   Thumb Code   174  peer_data_storage.o(i.pds_peer_data_store)
    pds_peer_id_allocate                     0x00021805   Thumb Code    10  peer_data_storage.o(i.pds_peer_id_allocate)
    pds_peer_id_free                         0x00021815   Thumb Code    22  peer_data_storage.o(i.pds_peer_id_free)
    pds_peer_id_is_allocated                 0x0002182b   Thumb Code     8  peer_data_storage.o(i.pds_peer_id_is_allocated)
    pds_space_reserve                        0x00021833   Thumb Code    48  peer_data_storage.o(i.pds_space_reserve)
    pds_space_reserve_cancel                 0x00021863   Thumb Code    16  peer_data_storage.o(i.pds_space_reserve_cancel)
    peer_id_allocate                         0x00021961   Thumb Code    10  peer_id.o(i.peer_id_allocate)
    peer_id_delete                           0x00021971   Thumb Code    30  peer_id.o(i.peer_id_delete)
    peer_id_free                             0x00021999   Thumb Code    22  peer_id.o(i.peer_id_free)
    peer_id_get_next_deleted                 0x000219b5   Thumb Code    10  peer_id.o(i.peer_id_get_next_deleted)
    peer_id_get_next_used                    0x000219c5   Thumb Code    42  peer_id.o(i.peer_id_get_next_used)
    peer_id_init                             0x000219f9   Thumb Code    34  peer_id.o(i.peer_id_init)
    peer_id_is_allocated                     0x00021a21   Thumb Code    20  peer_id.o(i.peer_id_is_allocated)
    peer_id_is_deleted                       0x00021a39   Thumb Code    20  peer_id.o(i.peer_id_is_deleted)
    pm_buffer_block_acquire                  0x00021bd9   Thumb Code    94  pm_buffer.o(i.pm_buffer_block_acquire)
    pm_buffer_init                           0x00021c37   Thumb Code    66  pm_buffer.o(i.pm_buffer_init)
    pm_buffer_ptr_get                        0x00021c79   Thumb Code    46  pm_buffer.o(i.pm_buffer_ptr_get)
    pm_buffer_release                        0x00021ca7   Thumb Code    42  pm_buffer.o(i.pm_buffer_release)
    pm_conn_sec_config_reply                 0x00021cd1   Thumb Code     8  peer_manager.o(i.pm_conn_sec_config_reply)
    pm_device_identities_list_set            0x00021cd9   Thumb Code    20  peer_manager.o(i.pm_device_identities_list_set)
    pm_gcm_evt_handler                       0x00021e59   Thumb Code   128  peer_manager.o(i.pm_gcm_evt_handler)
    pm_im_evt_handler                        0x00021ed9   Thumb Code    74  peer_manager.o(i.pm_im_evt_handler)
    pm_init                                  0x00021f29   Thumb Code   108  peer_manager.o(i.pm_init)
    pm_local_database_has_changed            0x00021f99   Thumb Code    16  peer_manager.o(i.pm_local_database_has_changed)
    pm_mutex_init                            0x00021fad   Thumb Code    16  pm_mutex.o(i.pm_mutex_init)
    pm_mutex_lock                            0x00021fbd   Thumb Code    28  pm_mutex.o(i.pm_mutex_lock)
    pm_mutex_lock_first_available            0x00021fd9   Thumb Code    52  pm_mutex.o(i.pm_mutex_lock_first_available)
    pm_mutex_lock_status_get                 0x0002200d   Thumb Code    24  pm_mutex.o(i.pm_mutex_lock_status_get)
    pm_mutex_unlock                          0x00022025   Thumb Code    54  pm_mutex.o(i.pm_mutex_unlock)
    pm_next_peer_id_get                      0x0002205d   Thumb Code    20  peer_manager.o(i.pm_next_peer_id_get)
    pm_on_ble_evt                            0x00022079   Thumb Code    32  peer_manager.o(i.pm_on_ble_evt)
    pm_pdb_evt_handler                       0x0002209d   Thumb Code   306  peer_manager.o(i.pm_pdb_evt_handler)
    pm_peer_data_bonding_load                0x000221d9   Thumb Code    18  peer_manager.o(i.pm_peer_data_bonding_load)
    pm_peer_data_load                        0x000221ed   Thumb Code    92  peer_manager.o(i.pm_peer_data_load)
    pm_peer_delete                           0x0002224d   Thumb Code    20  peer_manager.o(i.pm_peer_delete)
    pm_peers_delete                          0x00022265   Thumb Code    52  peer_manager.o(i.pm_peers_delete)
    pm_register                              0x000222a1   Thumb Code    38  peer_manager.o(i.pm_register)
    pm_sec_params_set                        0x000222d1   Thumb Code    20  peer_manager.o(i.pm_sec_params_set)
    pm_sm_evt_handler                        0x000222e9   Thumb Code   324  peer_manager.o(i.pm_sm_evt_handler)
    pm_whitelist_get                         0x00022435   Thumb Code    46  peer_manager.o(i.pm_whitelist_get)
    pm_whitelist_set                         0x00022469   Thumb Code    20  peer_manager.o(i.pm_whitelist_set)
    radial_controller_send                   0x00022701   Thumb Code    80  radial_controller.o(i.radial_controller_send)
    sdk_mapped_flags_bulk_update_by_key      0x00022d91   Thumb Code    70  sdk_mapped_flags.o(i.sdk_mapped_flags_bulk_update_by_key)
    sdk_mapped_flags_first_key_index_get     0x00022dd9   Thumb Code    34  sdk_mapped_flags.o(i.sdk_mapped_flags_first_key_index_get)
    sdk_mapped_flags_get_by_key              0x00022e11   Thumb Code    38  sdk_mapped_flags.o(i.sdk_mapped_flags_get_by_key)
    sdk_mapped_flags_key_list_get            0x00022e37   Thumb Code    70  sdk_mapped_flags.o(i.sdk_mapped_flags_key_list_get)
    sdk_mapped_flags_update_by_key           0x00022e7d   Thumb Code    14  sdk_mapped_flags.o(i.sdk_mapped_flags_update_by_key)
    sensorsim_decrement                      0x000230d9   Thumb Code    28  sensorsim.o(i.sensorsim_decrement)
    sensorsim_increment                      0x000230f5   Thumb Code    28  sensorsim.o(i.sensorsim_increment)
    sensorsim_init                           0x00023111   Thumb Code    24  sensorsim.o(i.sensorsim_init)
    sensorsim_measure                        0x00023129   Thumb Code    26  sensorsim.o(i.sensorsim_measure)
    sm_ble_evt_handler                       0x000233e9   Thumb Code    16  security_manager.o(i.sm_ble_evt_handler)
    sm_conn_sec_config_reply                 0x000233fd   Thumb Code    24  security_manager.o(i.sm_conn_sec_config_reply)
    sm_init                                  0x00023419   Thumb Code    76  security_manager.o(i.sm_init)
    sm_pdb_evt_handler                       0x00023469   Thumb Code    48  security_manager.o(i.sm_pdb_evt_handler)
    sm_sec_params_set                        0x0002349d   Thumb Code    44  security_manager.o(i.sm_sec_params_set)
    sm_smd_evt_handler                       0x000234cd   Thumb Code   118  security_manager.o(i.sm_smd_evt_handler)
    smd_ble_evt_handler                      0x00023549   Thumb Code   214  security_dispatcher.o(i.smd_ble_evt_handler)
    smd_init                                 0x0002362d   Thumb Code    56  security_dispatcher.o(i.smd_init)
    smd_link_secure                          0x00023669   Thumb Code    44  security_dispatcher.o(i.smd_link_secure)
    smd_params_reply                         0x00023699   Thumb Code   260  security_dispatcher.o(i.smd_params_reply)
    smd_pdb_evt_handler                      0x00023831   Thumb Code    46  security_dispatcher.o(i.smd_pdb_evt_handler)
    softdevice_ble_evt_handler_set           0x00023865   Thumb Code    16  softdevice_handler.o(i.softdevice_ble_evt_handler_set)
    softdevice_enable                        0x00023879   Thumb Code    76  softdevice_handler.o(i.softdevice_enable)
    softdevice_enable_get_default_config     0x00023959   Thumb Code    40  softdevice_handler.o(i.softdevice_enable_get_default_config)
    softdevice_evt_get                       0x00023981   Thumb Code    18  softdevice_handler_appsh.o(i.softdevice_evt_get)
    softdevice_evt_schedule                  0x00023995   Thumb Code    14  softdevice_handler_appsh.o(i.softdevice_evt_schedule)
    softdevice_fault_handler                 0x000239a9   Thumb Code     8  softdevice_handler.o(i.softdevice_fault_handler)
    softdevice_handler_init                  0x000239b1   Thumb Code    74  softdevice_handler.o(i.softdevice_handler_init)
    softdevice_handler_is_enabled            0x00023a09   Thumb Code     6  softdevice_handler.o(i.softdevice_handler_is_enabled)
    softdevice_sys_evt_handler_set           0x00023a15   Thumb Code    16  softdevice_handler.o(i.softdevice_sys_evt_handler_set)
    __ctype_table                            0x00024368   Data         129  ctype_o.o(.constdata)
    Region$$Table$$Base                      0x000244cc   Number         0  anon$$obj.o(Region$$Table)
    Region$$Table$$Limit                     0x000244ec   Number         0  anon$$obj.o(Region$$Table)
    Image$$RW_IRAM1$$Base                    0x20001fe8   Number         0  anon$$obj.o ABSOLUTE
    m_in_boot_mode                           0x20001fe8   Data           1  main.o(.data)
    m_radial_controller                      0x20002106   Data           8  radial_controller.o(.data)
    nrf_nvic_state                           0x20002264   Data           8  app_util_platform.o(.data)
    SystemCoreClock                          0x2000229c   Data           4  system_nrf51.o(.data)
    fs_data$$Base                            0x200022a0   Number         0  fds.o(fs_data)
    fs_data$$Limit                           0x200022b0   Number         0  fds.o(fs_data)
    m_hids                                   0x20002440   Data         376  main.o(.bss)
    _SEGGER_RTT                              0x2000312c   Data         120  segger_rtt.o(.bss)
    __initial_sp                             0x200039a8   Data           0  arm_startup_nrf51.o(STACK)



==============================================================================

Memory Map of the image

  Image Entry point : 0x0001b0c1

  Load Region LR_IROM1 (Base: 0x0001b000, Size: 0x000097b4, Max: 0x00025000, ABSOLUTE, COMPRESSED[0x00009610])

    Execution Region ER_IROM1 (Base: 0x0001b000, Size: 0x000094ec, Max: 0x00025000, ABSOLUTE)

    Base Addr    Size         Type   Attr      Idx    E Section Name        Object

    0x0001b000   0x000000c0   Data   RO         4963    RESET               arm_startup_nrf51.o
    0x0001b0c0   0x00000000   Code   RO         5005  * .ARM.Collect$$$$00000000  mc_p.l(entry.o)
    0x0001b0c0   0x00000004   Code   RO         5317    .ARM.Collect$$$$00000001  mc_p.l(entry2.o)
    0x0001b0c4   0x00000004   Code   RO         5320    .ARM.Collect$$$$00000004  mc_p.l(entry5.o)
    0x0001b0c8   0x00000000   Code   RO         5322    .ARM.Collect$$$$00000008  mc_p.l(entry7b.o)
    0x0001b0c8   0x00000000   Code   RO         5324    .ARM.Collect$$$$0000000A  mc_p.l(entry8b.o)
    0x0001b0c8   0x00000008   Code   RO         5325    .ARM.Collect$$$$0000000B  mc_p.l(entry9a.o)
    0x0001b0d0   0x00000000   Code   RO         5327    .ARM.Collect$$$$0000000D  mc_p.l(entry10a.o)
    0x0001b0d0   0x00000000   Code   RO         5329    .ARM.Collect$$$$0000000F  mc_p.l(entry11a.o)
    0x0001b0d0   0x00000004   Code   RO         5318    .ARM.Collect$$$$00002712  mc_p.l(entry2.o)
    0x0001b0d4   0x00000038   Code   RO         4964    .text               arm_startup_nrf51.o
    0x0001b10c   0x0000002c   Code   RO         5008    .text               mc_p.l(uidiv.o)
    0x0001b138   0x00000008   Code   RO         5010    .text               mc_p.l(ctype_o.o)
    0x0001b140   0x00000024   Code   RO         5038    .text               mc_p.l(memcpya.o)
    0x0001b164   0x00000024   Code   RO         5040    .text               mc_p.l(memseta.o)
    0x0001b188   0x0000000e   Code   RO         5042    .text               mc_p.l(strlen.o)
    0x0001b196   0x0000001a   Code   RO         5044    .text               mc_p.l(memcmp.o)
    0x0001b1b0   0x00000012   Code   RO         5046    .text               mc_p.l(strcpy.o)
    0x0001b1c2   0x00000060   Code   RO         5334    .text               mc_p.l(uldiv.o)
    0x0001b222   0x00000002   PAD
    0x0001b224   0x00000024   Code   RO         5347    .text               mc_p.l(init.o)
    0x0001b248   0x00000020   Code   RO         5350    .text               mc_p.l(llshl.o)
    0x0001b268   0x00000022   Code   RO         5352    .text               mc_p.l(llushr.o)
    0x0001b28a   0x00000056   Code   RO         5365    .text               mc_p.l(__dczerorl2.o)
    0x0001b2e0   0x00000178   Code   RO         3099    i.GPIOTE_IRQHandler  nrf_drv_gpiote.o
    0x0001b458   0x00000044   Code   RO         3658    i.NVIC_SetPriority  app_timer.o
    0x0001b49c   0x00000054   Code   RO         2887    i.POWER_CLOCK_IRQHandler  nrf_drv_clock.o
    0x0001b4f0   0x00000020   Code   RO         3659    i.RTC1_IRQHandler   app_timer.o
    0x0001b510   0x00000014   Code   RO         4653    i.SEGGER_RTT_Init   segger_rtt.o
    0x0001b524   0x0000005c   Code   RO         4662    i.SEGGER_RTT_WriteNoLock  segger_rtt.o
    0x0001b580   0x00000008   Code   RO         3660    i.SWI0_IRQHandler   app_timer.o
    0x0001b588   0x00000020   Code   RO         4798    i.SWI2_IRQHandler   softdevice_handler.o
    0x0001b5a8   0x000000a0   Code   RO         4971    i.SystemInit        system_nrf51.o
    0x0001b648   0x00000014   Code   RO         3314    i.UART0_IRQHandler  nrf_drv_uart.o
    0x0001b65c   0x0000006c   Code   RO         4665    i._DoInit           segger_rtt.o
    0x0001b6c8   0x00000016   Code   RO         4666    i._GetAvailWriteSpace  segger_rtt.o
    0x0001b6de   0x00000060   Code   RO         4668    i._WriteBlocking    segger_rtt.o
    0x0001b73e   0x0000003c   Code   RO         4669    i._WriteNoCheck     segger_rtt.o
    0x0001b77a   0x00000002   PAD
    0x0001b77c   0x0000002c   Code   RO         5258    i.__0snprintf$8     mc_p.l(printf8.o)
    0x0001b7a8   0x0000001a   Code   RO          152    i.__ARM_common_switch8  main.o
    0x0001b7c2   0x0000000e   Code   RO         5359    i.__scatterload_copy  mc_p.l(handlers.o)
    0x0001b7d0   0x00000002   Code   RO         5360    i.__scatterload_null  mc_p.l(handlers.o)
    0x0001b7d2   0x0000000e   Code   RO         5361    i.__scatterload_zeroinit  mc_p.l(handlers.o)
    0x0001b7e0   0x0000001c   Code   RO         4799    i.__sd_nvic_app_accessible_irq  softdevice_handler.o
    0x0001b7fc   0x00000428   Code   RO         5264    i._printf_core      mc_p.l(printf8.o)
    0x0001bc24   0x00000020   Code   RO         5265    i._printf_post_padding  mc_p.l(printf8.o)
    0x0001bc44   0x0000002c   Code   RO         5266    i._printf_pre_padding  mc_p.l(printf8.o)
    0x0001bc70   0x00000016   Code   RO         5267    i._snputc           mc_p.l(printf8.o)
    0x0001bc86   0x00000028   Code   RO         1467    i.addr_compare      id_manager.o
    0x0001bcae   0x0000018e   Code   RO          833    i.adv_data_encode   ble_advdata.o
    0x0001be3c   0x00000068   Code   RO          912    i.adv_mode_next_avail_get  ble_advertising.o
    0x0001bea4   0x0000003c   Code   RO          729    i.advertising_buttons_configure  bsp_btn_ble.o
    0x0001bee0   0x00000074   Code   RO            3    i.advertising_init  main.o
    0x0001bf54   0x00000088   Code   RO            4    i.advertising_start  main.o
    0x0001bfdc   0x0000004e   Code   RO         1469    i.ah                id_manager.o
    0x0001c02a   0x0000000a   Code   RO          608    i.alert_timer_handler  bsp.o
    0x0001c034   0x00000024   Code   RO         3492    i.app_button_enable  app_button.o
    0x0001c058   0x00000074   Code   RO         3493    i.app_button_init   app_button.o
    0x0001c0cc   0x0000003c   Code   RO         3588    i.app_error_fault_handler  app_error_weak.o
    0x0001c108   0x00000018   Code   RO         3550    i.app_error_handler_bare  app_error.o
    0x0001c120   0x0000009c   Code   RO         3611    i.app_sched_event_put  app_scheduler.o
    0x0001c1bc   0x0000003c   Code   RO         3612    i.app_sched_execute  app_scheduler.o
    0x0001c1f8   0x0000002c   Code   RO         3613    i.app_sched_init    app_scheduler.o
    0x0001c224   0x0000002c   Code   RO         3663    i.app_timer_create  app_timer.o
    0x0001c250   0x00000016   Code   RO         3799    i.app_timer_evt_get  app_timer_appsh.o
    0x0001c266   0x00000002   PAD
    0x0001c268   0x00000018   Code   RO         3800    i.app_timer_evt_schedule  app_timer_appsh.o
    0x0001c280   0x00000074   Code   RO         3664    i.app_timer_init    app_timer.o
    0x0001c2f4   0x00000088   Code   RO         3665    i.app_timer_start   app_timer.o
    0x0001c37c   0x00000028   Code   RO         3666    i.app_timer_stop    app_timer.o
    0x0001c3a4   0x0000003c   Code   RO         3827    i.app_util_critical_region_enter  app_util_platform.o
    0x0001c3e0   0x0000002c   Code   RO         3828    i.app_util_critical_region_exit  app_util_platform.o
    0x0001c40c   0x000000a0   Code   RO         2446    i.auth_status_success_process  security_dispatcher.o
    0x0001c4ac   0x00000050   Code   RO            6    i.bas_init          main.o
    0x0001c4fc   0x00000138   Code   RO         2679    i.battery_level_char_add  ble_bas.o
    0x0001c634   0x00000040   Code   RO            7    i.battery_level_meas_timeout_handler  main.o
    0x0001c674   0x00000068   Code   RO          834    i.ble_advdata_set   ble_advdata.o
    0x0001c6dc   0x00000008   Code   RO            8    i.ble_advertising_error_handler  main.o
    0x0001c6e4   0x0000015c   Code   RO          913    i.ble_advertising_init  ble_advertising.o
    0x0001c840   0x00000058   Code   RO          914    i.ble_advertising_on_ble_evt  ble_advertising.o
    0x0001c898   0x00000030   Code   RO          915    i.ble_advertising_on_sys_evt  ble_advertising.o
    0x0001c8c8   0x00000028   Code   RO          916    i.ble_advertising_peer_addr_reply  ble_advertising.o
    0x0001c8f0   0x0000003c   Code   RO          917    i.ble_advertising_restart_without_whitelist  ble_advertising.o
    0x0001c92c   0x00000108   Code   RO          918    i.ble_advertising_start  ble_advertising.o
    0x0001ca34   0x00000064   Code   RO          919    i.ble_advertising_whitelist_reply  ble_advertising.o
    0x0001ca98   0x00000074   Code   RO         2680    i.ble_bas_battery_level_update  ble_bas.o
    0x0001cb0c   0x00000048   Code   RO         2681    i.ble_bas_init      ble_bas.o
    0x0001cb54   0x00000060   Code   RO         2682    i.ble_bas_on_ble_evt  ble_bas.o
    0x0001cbb4   0x00000054   Code   RO         1009    i.ble_conn_params_init  ble_conn_params.o
    0x0001cc08   0x00000090   Code   RO         1010    i.ble_conn_params_on_ble_evt  ble_conn_params.o
    0x0001cc98   0x00000014   Code   RO         1078    i.ble_conn_state_conn_handles  ble_conn_state.o
    0x0001ccac   0x00000014   Code   RO         1079    i.ble_conn_state_encrypted  ble_conn_state.o
    0x0001ccc0   0x00000014   Code   RO         1081    i.ble_conn_state_mitm_protected  ble_conn_state.o
    0x0001ccd4   0x000000f8   Code   RO         1085    i.ble_conn_state_on_ble_evt  ble_conn_state.o
    0x0001cdcc   0x00000034   Code   RO         1087    i.ble_conn_state_role  ble_conn_state.o
    0x0001ce00   0x00000030   Code   RO         1089    i.ble_conn_state_user_flag_acquire  ble_conn_state.o
    0x0001ce30   0x00000018   Code   RO         1090    i.ble_conn_state_user_flag_collection  ble_conn_state.o
    0x0001ce48   0x00000024   Code   RO         1091    i.ble_conn_state_user_flag_get  ble_conn_state.o
    0x0001ce6c   0x00000028   Code   RO         1092    i.ble_conn_state_user_flag_set  ble_conn_state.o
    0x0001ce94   0x0000005e   Code   RO          835    i.ble_device_addr_encode  ble_advdata.o
    0x0001cef2   0x00000002   PAD
    0x0001cef4   0x00000140   Code   RO         2719    i.ble_dis_init      ble_dis.o
    0x0001d034   0x00000040   Code   RO            9    i.ble_evt_dispatch  main.o
    0x0001d074   0x00000050   Code   RO         2759    i.ble_hids_boot_kb_inp_rep_send  ble_hids.o
    0x0001d0c4   0x00000130   Code   RO         2761    i.ble_hids_init     ble_hids.o
    0x0001d1f4   0x00000060   Code   RO         2762    i.ble_hids_inp_rep_send  ble_hids.o
    0x0001d254   0x00000098   Code   RO         2763    i.ble_hids_on_ble_evt  ble_hids.o
    0x0001d2ec   0x00000026   Code   RO         2764    i.ble_hids_outp_rep_get  ble_hids.o
    0x0001d312   0x00000012   Code   RO         1211    i.ble_srv_ascii_to_utf8  ble_srv_common.o
    0x0001d324   0x0000000e   Code   RO         1213    i.ble_srv_is_notification_enabled  ble_srv_common.o
    0x0001d332   0x0000000c   Code   RO         1214    i.ble_srv_report_ref_encode  ble_srv_common.o
    0x0001d33e   0x00000002   PAD
    0x0001d340   0x00000074   Code   RO           10    i.ble_stack_init    main.o
    0x0001d3b4   0x000000ae   Code   RO         2765    i.boot_inp_rep_char_add  ble_hids.o
    0x0001d462   0x00000002   PAD
    0x0001d464   0x0000008c   Code   RO         2766    i.boot_kb_outp_rep_char_add  ble_hids.o
    0x0001d4f0   0x0000000c   Code   RO          493    i.bsp_board_button_idx_to_pin  boards.o
    0x0001d4fc   0x00000020   Code   RO          494    i.bsp_board_button_state_get  boards.o
    0x0001d51c   0x00000020   Code   RO          497    i.bsp_board_led_invert  boards.o
    0x0001d53c   0x00000014   Code   RO          498    i.bsp_board_led_off  boards.o
    0x0001d550   0x00000014   Code   RO          499    i.bsp_board_led_on  boards.o
    0x0001d564   0x00000020   Code   RO          500    i.bsp_board_led_state_get  boards.o
    0x0001d584   0x00000028   Code   RO          501    i.bsp_board_leds_init  boards.o
    0x0001d5ac   0x00000012   Code   RO          502    i.bsp_board_leds_off  boards.o
    0x0001d5be   0x00000012   Code   RO          503    i.bsp_board_leds_on  boards.o
    0x0001d5d0   0x00000024   Code   RO          504    i.bsp_board_pin_to_button_idx  boards.o
    0x0001d5f4   0x00000040   Code   RO          730    i.bsp_btn_ble_init  bsp_btn_ble.o
    0x0001d634   0x00000078   Code   RO          731    i.bsp_btn_ble_on_ble_evt  bsp_btn_ble.o
    0x0001d6ac   0x00000022   Code   RO          732    i.bsp_btn_ble_sleep_mode_prepare  bsp_btn_ble.o
    0x0001d6ce   0x00000002   PAD
    0x0001d6d0   0x00000094   Code   RO          609    i.bsp_button_event_handler  bsp.o
    0x0001d764   0x00000008   Code   RO          610    i.bsp_button_is_pressed  bsp.o
    0x0001d76c   0x0000005c   Code   RO           11    i.bsp_event_handler  main.o
    0x0001d7c8   0x00000048   Code   RO          613    i.bsp_event_to_button_action_assign  bsp.o
    0x0001d810   0x0000001c   Code   RO          614    i.bsp_indication_set  bsp.o
    0x0001d82c   0x00000098   Code   RO          615    i.bsp_init          bsp.o
    0x0001d8c4   0x00000180   Code   RO          616    i.bsp_led_indication  bsp.o
    0x0001da44   0x00000010   Code   RO          618    i.bsp_wakeup_button_enable  bsp.o
    0x0001da54   0x00000012   Code   RO         4444    i.buf_len_update    nrf_log_backend_serial.o
    0x0001da66   0x00000002   PAD
    0x0001da68   0x00000070   Code   RO           12    i.buffer_dequeue    main.o
    0x0001dad8   0x00000044   Code   RO           13    i.buffer_enqueue    main.o
    0x0001db1c   0x0000000c   Code   RO          619    i.button_timer_handler  bsp.o
    0x0001db28   0x0000001c   Code   RO         3100    i.channel_free      nrf_drv_gpiote.o
    0x0001db44   0x00000048   Code   RO         3101    i.channel_port_alloc  nrf_drv_gpiote.o
    0x0001db8c   0x00000010   Code   RO         3102    i.channel_port_get  nrf_drv_gpiote.o
    0x0001db9c   0x00000098   Code   RO         2720    i.char_add          ble_dis.o
    0x0001dc34   0x00000020   Code   RO         4199    i.check_config      fstorage.o
    0x0001dc54   0x00000018   Code   RO         3897    i.chunk_queue_next  fds.o
    0x0001dc6c   0x0000003c   Code   RO         2007    i.claim             peer_id.o
    0x0001dca8   0x00000028   Code   RO         2888    i.clock_clk_started_notify  nrf_drv_clock.o
    0x0001dcd0   0x000000a8   Code   RO         3668    i.compare_reg_update  app_timer.o
    0x0001dd78   0x00000088   Code   RO          836    i.conn_int_encode   ble_advdata.o
    0x0001de00   0x00000008   Code   RO           14    i.conn_params_error_handler  main.o
    0x0001de08   0x00000068   Code   RO         1012    i.conn_params_negotiation  ble_conn_params.o
    0x0001de70   0x0000008c   Code   RO         3898    i.delete_execute    fds.o
    0x0001defc   0x00000060   Code   RO         3495    i.detection_delay_timeout_handler  app_button.o
    0x0001df5c   0x0000006c   Code   RO           15    i.dis_init          main.o
    0x0001dfc8   0x00000040   Code   RO         3669    i.elapsed_ticks_acquire  app_timer.o
    0x0001e008   0x00000030   Code   RO         2447    i.encryption_failure  security_dispatcher.o
    0x0001e038   0x0000006a   Code   RO         3899    i.event_prepare     fds.o
    0x0001e0a2   0x00000002   PAD
    0x0001e0a4   0x00000020   Code   RO         3900    i.event_send        fds.o
    0x0001e0c4   0x00000032   Code   RO         2557    i.events_send_from_err_code  security_manager.o
    0x0001e0f6   0x00000002   PAD
    0x0001e0f8   0x0000000c   Code   RO         1266    i.evt_send          gatt_cache_manager.o
    0x0001e104   0x0000001c   Code   RO         1470    i.evt_send          id_manager.o
    0x0001e120   0x00000028   Code   RO         2093    i.evt_send          peer_manager.o
    0x0001e148   0x0000001c   Code   RO         2448    i.evt_send          security_dispatcher.o
    0x0001e164   0x0000000c   Code   RO         2558    i.evt_send          security_manager.o
    0x0001e170   0x0000011c   Code   RO         1693    i.fds_evt_handler   peer_data_storage.o
    0x0001e28c   0x0000004c   Code   RO         3902    i.fds_file_delete   fds.o
    0x0001e2d8   0x00000048   Code   RO         3903    i.fds_gc            fds.o
    0x0001e320   0x00000088   Code   RO         3904    i.fds_init          fds.o
    0x0001e3a8   0x00000040   Code   RO         3905    i.fds_record_close  fds.o
    0x0001e3e8   0x0000000e   Code   RO         3907    i.fds_record_find   fds.o
    0x0001e3f6   0x00000010   Code   RO         3908    i.fds_record_find_by_key  fds.o
    0x0001e406   0x00000010   Code   RO         3909    i.fds_record_find_in_file  fds.o
    0x0001e416   0x00000014   Code   RO         3910    i.fds_record_id_from_desc  fds.o
    0x0001e42a   0x00000002   PAD
    0x0001e42c   0x00000044   Code   RO         3912    i.fds_record_open   fds.o
    0x0001e470   0x00000014   Code   RO         3913    i.fds_record_update  fds.o
    0x0001e484   0x0000000c   Code   RO         3914    i.fds_record_write  fds.o
    0x0001e490   0x00000012   Code   RO         3915    i.fds_record_write_reserved  fds.o
    0x0001e4a2   0x00000002   PAD
    0x0001e4a4   0x00000024   Code   RO         3916    i.fds_register      fds.o
    0x0001e4c8   0x00000034   Code   RO         3917    i.fds_reserve       fds.o
    0x0001e4fc   0x00000048   Code   RO         3918    i.fds_reserve_cancel  fds.o
    0x0001e544   0x00000062   Code   RO         2767    i.feature_rep_characteristics_add  ble_hids.o
    0x0001e5a6   0x0000000a   Code   RO         1694    i.file_id_to_peer_id  peer_data_storage.o
    0x0001e5b0   0x00000018   Code   RO         1695    i.file_id_within_pm_range  peer_data_storage.o
    0x0001e5c8   0x00000010   Code   RO         3920    i.flag_clear        fds.o
    0x0001e5d8   0x00000012   Code   RO         2449    i.flag_id_init      security_dispatcher.o
    0x0001e5ea   0x00000012   Code   RO         2559    i.flag_id_init      security_manager.o
    0x0001e5fc   0x00000010   Code   RO         3921    i.flag_set          fds.o
    0x0001e60c   0x0000005c   Code   RO         2560    i.flags_set_from_err_code  security_manager.o
    0x0001e668   0x0000007c   Code   RO         4200    i.fs_erase          fstorage.o
    0x0001e6e4   0x0000000a   Code   RO         3922    i.fs_event_handler  fds.o
    0x0001e6ee   0x00000002   PAD
    0x0001e6f0   0x000000ac   Code   RO         4202    i.fs_init           fstorage.o
    0x0001e79c   0x00000018   Code   RO         4205    i.fs_queued_op_count_get  fstorage.o
    0x0001e7b4   0x00000084   Code   RO         4206    i.fs_store          fstorage.o
    0x0001e838   0x00000068   Code   RO         4207    i.fs_sys_event_handler  fstorage.o
    0x0001e8a0   0x0000005c   Code   RO           16    i.gap_params_init   main.o
    0x0001e8fc   0x00000068   Code   RO         3923    i.gc_execute        fds.o
    0x0001e964   0x0000004c   Code   RO         3924    i.gc_next_page      fds.o
    0x0001e9b0   0x0000004c   Code   RO         3925    i.gc_page_erase     fds.o
    0x0001e9fc   0x00000034   Code   RO         3926    i.gc_record_copy    fds.o
    0x0001ea30   0x00000020   Code   RO         3927    i.gc_record_find_next  fds.o
    0x0001ea50   0x00000080   Code   RO         3928    i.gc_state_advance  fds.o
    0x0001ead0   0x000000f0   Code   RO         1267    i.gcm_ble_evt_handler  gatt_cache_manager.o
    0x0001ebc0   0x00000068   Code   RO         1268    i.gcm_gscm_evt_handler  gatt_cache_manager.o
    0x0001ec28   0x0000002c   Code   RO         1269    i.gcm_im_evt_handler  gatt_cache_manager.o
    0x0001ec54   0x00000048   Code   RO         1270    i.gcm_init          gatt_cache_manager.o
    0x0001ec9c   0x0000004c   Code   RO         1271    i.gcm_local_database_has_changed  gatt_cache_manager.o
    0x0001ece8   0x00000010   Code   RO         1274    i.gcm_smd_evt_handler  gatt_cache_manager.o
    0x0001ecf8   0x00000038   Code   RO         1471    i.get_connection_by_conn_handle  id_manager.o
    0x0001ed30   0x00000030   Code   RO         1472    i.get_free_connection  id_manager.o
    0x0001ed60   0x00000050   Code   RO         3496    i.gpiote_event_handler  app_button.o
    0x0001edb0   0x0000001c   Code   RO         1386    i.gscm_db_change_notification_done  gatts_cache_manager.o
    0x0001edcc   0x00000014   Code   RO         1387    i.gscm_init         gatts_cache_manager.o
    0x0001ede0   0x0000001c   Code   RO         1388    i.gscm_local_database_has_changed  gatts_cache_manager.o
    0x0001edfc   0x0000006c   Code   RO         1389    i.gscm_local_db_cache_apply  gatts_cache_manager.o
    0x0001ee68   0x00000084   Code   RO         1391    i.gscm_local_db_cache_update  gatts_cache_manager.o
    0x0001eeec   0x00000050   Code   RO         1392    i.gscm_pdb_evt_handler  gatts_cache_manager.o
    0x0001ef3c   0x0000001c   Code   RO         1393    i.gscm_service_changed_ind_needed  gatts_cache_manager.o
    0x0001ef58   0x0000002c   Code   RO         1394    i.gscm_service_changed_ind_send  gatts_cache_manager.o
    0x0001ef84   0x0000001c   Code   RO         3929    i.header_is_valid   fds.o
    0x0001efa0   0x0000008c   Code   RO         2768    i.hid_control_point_char_add  ble_hids.o
    0x0001f02c   0x000000a0   Code   RO         2769    i.hid_information_char_add  ble_hids.o
    0x0001f0cc   0x00000168   Code   RO           17    i.hids_init         main.o
    0x0001f234   0x00000040   Code   RO         1473    i.im_address_resolve  id_manager.o
    0x0001f274   0x0000002c   Code   RO         1474    i.im_ble_addr_get   id_manager.o
    0x0001f2a0   0x000000a8   Code   RO         1475    i.im_ble_evt_handler  id_manager.o
    0x0001f348   0x0000002c   Code   RO         1476    i.im_conn_handle_get  id_manager.o
    0x0001f374   0x00000004   Code   RO         1477    i.im_device_identities_list_set  id_manager.o
    0x0001f378   0x00000048   Code   RO         1480    i.im_init           id_manager.o
    0x0001f3c0   0x00000038   Code   RO         1481    i.im_is_duplicate_bonding_data  id_manager.o
    0x0001f3f8   0x0000001c   Code   RO         1482    i.im_master_id_is_valid  id_manager.o
    0x0001f414   0x0000002c   Code   RO         1483    i.im_master_ids_compare  id_manager.o
    0x0001f440   0x00000008   Code   RO         1484    i.im_new_peer_id    id_manager.o
    0x0001f448   0x0000006e   Code   RO         1485    i.im_pdb_evt_handler  id_manager.o
    0x0001f4b6   0x00000002   PAD
    0x0001f4b8   0x0000002c   Code   RO         1486    i.im_peer_free      id_manager.o
    0x0001f4e4   0x00000020   Code   RO         1487    i.im_peer_id_get_by_conn_handle  id_manager.o
    0x0001f504   0x00000044   Code   RO         1488    i.im_peer_id_get_by_master_id  id_manager.o
    0x0001f548   0x00000038   Code   RO         1491    i.im_whitelist_get  id_manager.o
    0x0001f580   0x00000038   Code   RO         1492    i.im_whitelist_set  id_manager.o
    0x0001f5b8   0x000000c0   Code   RO         3930    i.init_execute      fds.o
    0x0001f678   0x0000007a   Code   RO         2770    i.inp_rep_characteristics_add  ble_hids.o
    0x0001f6f2   0x00000002   PAD
    0x0001f6f4   0x00000080   Code   RO         4800    i.intern_softdevice_events_execute  softdevice_handler.o
    0x0001f774   0x0000001c   Code   RO         1013    i.is_conn_params_ok  ble_conn_params.o
    0x0001f790   0x00000048   Code   RO         4972    i.is_manual_peripheral_setup_needed  system_nrf51.o
    0x0001f7d8   0x00000016   Code   RO         1493    i.is_valid_irk      id_manager.o
    0x0001f7ee   0x0000000c   Code   RO         3931    i.is_word_aligned   fds.o
    0x0001f7fa   0x00000002   PAD
    0x0001f7fc   0x00000050   Code   RO           18    i.keys_send         main.o
    0x0001f84c   0x00000018   Code   RO          620    i.leds_timer_handler  bsp.o
    0x0001f864   0x0000009c   Code   RO         2561    i.link_secure       security_manager.o
    0x0001f900   0x00000088   Code   RO         2450    i.link_secure_central  security_dispatcher.o
    0x0001f988   0x000000c6   Code   RO         2451    i.link_secure_central_existing_peer  security_dispatcher.o
    0x0001fa4e   0x00000002   PAD
    0x0001fa50   0x00000074   Code   RO         2452    i.link_secure_central_new_peer  security_dispatcher.o
    0x0001fac4   0x00000050   Code   RO         2453    i.link_secure_failure  security_dispatcher.o
    0x0001fb14   0x0000005c   Code   RO         2562    i.link_secure_pending_process  security_manager.o
    0x0001fb70   0x000000ac   Code   RO         3670    i.list_deletions_handler  app_timer.o
    0x0001fc1c   0x000000bc   Code   RO         3671    i.list_insertions_handler  app_timer.o
    0x0001fcd8   0x00000078   Code   RO         1275    i.local_db_apply_in_evt  gatt_cache_manager.o
    0x0001fd50   0x00000078   Code   RO         1276    i.local_db_update_in_evt  gatt_cache_manager.o
    0x0001fdc8   0x00000032   Code   RO         2397    i.lock_by_mask      pm_mutex.o
    0x0001fdfa   0x00000002   PAD
    0x0001fdfc   0x000001b0   Code   RO           19    i.main              main.o
    0x0001ffac   0x00000012   Code   RO         2771    i.make_char_id      ble_hids.o
    0x0001ffbe   0x00000068   Code   RO          837    i.manuf_specific_data_encode  ble_advdata.o
    0x00020026   0x0000009e   Code   RO          838    i.name_encode       ble_advdata.o
    0x000200c4   0x0000005c   Code   RO         1494    i.new_connection    id_manager.o
    0x00020120   0x00000034   Code   RO         2008    i.next_id_get       peer_id.o
    0x00020154   0x00000010   Code   RO         3103    i.nrf_bitmask_bit_is_set  nrf_drv_gpiote.o
    0x00020164   0x00000010   Code   RO         2892    i.nrf_clock_event_check  nrf_drv_clock.o
    0x00020174   0x00000030   Code   RO         3672    i.nrf_delay_us      app_timer.o
    0x000201a4   0x00000048   Code   RO         2899    i.nrf_drv_clock_init  nrf_drv_clock.o
    0x000201ec   0x00000034   Code   RO         2906    i.nrf_drv_clock_on_sd_enable  nrf_drv_clock.o
    0x00020220   0x0000000c   Code   RO         2907    i.nrf_drv_clock_on_soc_event  nrf_drv_clock.o
    0x0002022c   0x00000060   Code   RO         3058    i.nrf_drv_common_irq_enable  nrf_drv_common.o
    0x0002028c   0x00000098   Code   RO         3106    i.nrf_drv_gpiote_in_event_enable  nrf_drv_gpiote.o
    0x00020324   0x000000a8   Code   RO         3107    i.nrf_drv_gpiote_in_init  nrf_drv_gpiote.o
    0x000203cc   0x00000014   Code   RO         3108    i.nrf_drv_gpiote_in_is_set  nrf_drv_gpiote.o
    0x000203e0   0x0000005c   Code   RO         3110    i.nrf_drv_gpiote_init  nrf_drv_gpiote.o
    0x0002043c   0x00000010   Code   RO         3111    i.nrf_drv_gpiote_is_init  nrf_drv_gpiote.o
    0x0002044c   0x00000028   Code   RO          506    i.nrf_gpio_cfg      boards.o
    0x00020474   0x00000028   Code   RO         3123    i.nrf_gpio_cfg      nrf_drv_gpiote.o
    0x0002049c   0x00000022   Code   RO          621    i.nrf_gpio_cfg_sense_set  bsp.o
    0x000204be   0x00000022   Code   RO         3125    i.nrf_gpio_cfg_sense_set  nrf_drv_gpiote.o
    0x000204e0   0x00000018   Code   RO          507    i.nrf_gpio_pin_write  boards.o
    0x000204f8   0x00000028   Code   RO         3126    i.nrf_gpio_ports_read  nrf_drv_gpiote.o
    0x00020520   0x00000010   Code   RO         3127    i.nrf_gpiote_event_clear  nrf_drv_gpiote.o
    0x00020530   0x00000014   Code   RO         3128    i.nrf_gpiote_event_is_set  nrf_drv_gpiote.o
    0x00020544   0x00000008   Code   RO         4446    i.nrf_log_backend_hexdump_handler_get  nrf_log_backend_serial.o
    0x0002054c   0x00000024   Code   RO         4447    i.nrf_log_backend_init  nrf_log_backend_serial.o
    0x00020570   0x0000011c   Code   RO         4448    i.nrf_log_backend_serial_hexdump_handler  nrf_log_backend_serial.o
    0x0002068c   0x000000f8   Code   RO         4449    i.nrf_log_backend_serial_std_handler  nrf_log_backend_serial.o
    0x00020784   0x00000008   Code   RO         4450    i.nrf_log_backend_std_handler_get  nrf_log_backend_serial.o
    0x0002078c   0x00000018   Code   RO         4532    i.nrf_log_direct_feed  nrf_log_frontend.o
    0x000207a4   0x0000000c   Code   RO         4536    i.nrf_log_frontend_std_0  nrf_log_frontend.o
    0x000207b0   0x0000000e   Code   RO         4537    i.nrf_log_frontend_std_1  nrf_log_frontend.o
    0x000207be   0x00000010   Code   RO         4538    i.nrf_log_frontend_std_2  nrf_log_frontend.o
    0x000207ce   0x00000012   Code   RO         4539    i.nrf_log_frontend_std_3  nrf_log_frontend.o
    0x000207e0   0x0000000c   Code   RO         4544    i.nrf_log_handlers_set  nrf_log_frontend.o
    0x000207ec   0x00000022   Code   RO         4545    i.nrf_log_init      nrf_log_frontend.o
    0x0002080e   0x0000000a   Code   RO         3332    i.nrf_uart_event_check  nrf_drv_uart.o
    0x00020818   0x00000010   Code   RO         3333    i.nrf_uart_int_enable_check  nrf_drv_uart.o
    0x00020828   0x00000188   Code   RO           20    i.on_adv_evt        main.o
    0x000209b0   0x000001a0   Code   RO           21    i.on_ble_evt        main.o
    0x00020b50   0x00000104   Code   RO           22    i.on_hid_rep_char_write  main.o
    0x00020c54   0x0000002c   Code   RO           23    i.on_hids_evt       main.o
    0x00020c80   0x00000054   Code   RO         4208    i.on_operation_success  fstorage.o
    0x00020cd4   0x00000040   Code   RO         2772    i.on_report_cccd_write  ble_hids.o
    0x00020d14   0x0000002e   Code   RO         2773    i.on_report_value_write  ble_hids.o
    0x00020d42   0x00000002   PAD
    0x00020d44   0x0000010c   Code   RO         2774    i.on_write          ble_hids.o
    0x00020e50   0x00000078   Code   RO         3932    i.op_enqueue        fds.o
    0x00020ec8   0x00000062   Code   RO         2775    i.outp_rep_characteristics_add  ble_hids.o
    0x00020f2a   0x00000012   Code   RO         3933    i.page_offsets_update  fds.o
    0x00020f3c   0x00000058   Code   RO         3934    i.page_scan         fds.o
    0x00020f94   0x0000001c   Code   RO         3935    i.page_tag_write_data  fds.o
    0x00020fb0   0x00000024   Code   RO         3936    i.page_tag_write_swap  fds.o
    0x00020fd4   0x000000f0   Code   RO         3937    i.pages_init        fds.o
    0x000210c4   0x0000006c   Code   RO         2454    i.pairing_failure   security_dispatcher.o
    0x00021130   0x0000003c   Code   RO         2563    i.params_reply_pending_process  security_manager.o
    0x0002116c   0x0000001c   Code   RO         1848    i.pdb_evt_send      peer_database.o
    0x00021188   0x0000004c   Code   RO         1849    i.pdb_init          peer_database.o
    0x000211d4   0x00000008   Code   RO         1851    i.pdb_next_deleted_peer_id_get  peer_database.o
    0x000211dc   0x00000008   Code   RO         1852    i.pdb_next_peer_id_get  peer_database.o
    0x000211e4   0x00000134   Code   RO         1853    i.pdb_pds_evt_handler  peer_database.o
    0x00021318   0x00000008   Code   RO         1854    i.pdb_peer_allocate  peer_database.o
    0x00021320   0x00000010   Code   RO         1855    i.pdb_peer_data_load  peer_database.o
    0x00021330   0x0000000a   Code   RO         1856    i.pdb_peer_data_ptr_get  peer_database.o
    0x0002133a   0x0000004a   Code   RO         1857    i.pdb_peer_free     peer_database.o
    0x00021384   0x0000000c   Code   RO         1858    i.pdb_raw_store     peer_database.o
    0x00021390   0x00000108   Code   RO         1859    i.pdb_write_buf_get  peer_database.o
    0x00021498   0x0000002a   Code   RO         1860    i.pdb_write_buf_release  peer_database.o
    0x000214c2   0x00000002   PAD
    0x000214c4   0x000000c8   Code   RO         1861    i.pdb_write_buf_store  peer_database.o
    0x0002158c   0x00000068   Code   RO         1862    i.pdb_write_buf_store_prepare  peer_database.o
    0x000215f4   0x0000000c   Code   RO         1696    i.pds_evt_send      peer_data_storage.o
    0x00021600   0x00000070   Code   RO         1697    i.pds_init          peer_data_storage.o
    0x00021670   0x00000008   Code   RO         1698    i.pds_next_deleted_peer_id_get  peer_data_storage.o
    0x00021678   0x00000008   Code   RO         1699    i.pds_next_peer_id_get  peer_data_storage.o
    0x00021680   0x00000054   Code   RO         1702    i.pds_peer_data_iterate  peer_data_storage.o
    0x000216d4   0x00000010   Code   RO         1703    i.pds_peer_data_iterate_prepare  peer_data_storage.o
    0x000216e4   0x00000070   Code   RO         1704    i.pds_peer_data_read  peer_data_storage.o
    0x00021754   0x000000ae   Code   RO         1705    i.pds_peer_data_store  peer_data_storage.o
    0x00021802   0x00000002   PAD
    0x00021804   0x00000010   Code   RO         1706    i.pds_peer_id_allocate  peer_data_storage.o
    0x00021814   0x00000016   Code   RO         1707    i.pds_peer_id_free  peer_data_storage.o
    0x0002182a   0x00000008   Code   RO         1708    i.pds_peer_id_is_allocated  peer_data_storage.o
    0x00021832   0x00000030   Code   RO         1709    i.pds_space_reserve  peer_data_storage.o
    0x00021862   0x00000010   Code   RO         1710    i.pds_space_reserve_cancel  peer_data_storage.o
    0x00021872   0x0000000a   Code   RO         1863    i.peer_data_const_point_to_buffer  peer_database.o
    0x0002187c   0x00000080   Code   RO         1711    i.peer_data_delete  peer_data_storage.o
    0x000218fc   0x00000030   Code   RO         1712    i.peer_data_find    peer_data_storage.o
    0x0002192c   0x00000020   Code   RO         1713    i.peer_data_id_is_valid  peer_data_storage.o
    0x0002194c   0x00000014   Code   RO         1864    i.peer_data_point_to_buffer  peer_database.o
    0x00021960   0x00000010   Code   RO         2009    i.peer_id_allocate  peer_id.o
    0x00021970   0x00000028   Code   RO         2010    i.peer_id_delete    peer_id.o
    0x00021998   0x0000001c   Code   RO         2011    i.peer_id_free      peer_id.o
    0x000219b4   0x00000010   Code   RO         2012    i.peer_id_get_next_deleted  peer_id.o
    0x000219c4   0x00000034   Code   RO         2013    i.peer_id_get_next_used  peer_id.o
    0x000219f8   0x00000028   Code   RO         2014    i.peer_id_init      peer_id.o
    0x00021a20   0x00000018   Code   RO         2015    i.peer_id_is_allocated  peer_id.o
    0x00021a38   0x00000018   Code   RO         2016    i.peer_id_is_deleted  peer_id.o
    0x00021a50   0x0000001c   Code   RO         1495    i.peer_id_set       id_manager.o
    0x00021a6c   0x0000000a   Code   RO         1714    i.peer_id_to_file_id  peer_data_storage.o
    0x00021a76   0x00000002   PAD
    0x00021a78   0x00000078   Code   RO           24    i.peer_manager_init  main.o
    0x00021af0   0x000000b8   Code   RO         1496    i.peers_id_keys_get  id_manager.o
    0x00021ba8   0x00000018   Code   RO         3129    i.pin_in_use_by_port  nrf_drv_gpiote.o
    0x00021bc0   0x00000018   Code   RO         3130    i.pin_in_use_by_te  nrf_drv_gpiote.o
    0x00021bd8   0x0000005e   Code   RO         2359    i.pm_buffer_block_acquire  pm_buffer.o
    0x00021c36   0x00000042   Code   RO         2360    i.pm_buffer_init    pm_buffer.o
    0x00021c78   0x0000002e   Code   RO         2361    i.pm_buffer_ptr_get  pm_buffer.o
    0x00021ca6   0x0000002a   Code   RO         2362    i.pm_buffer_release  pm_buffer.o
    0x00021cd0   0x00000008   Code   RO         2095    i.pm_conn_sec_config_reply  peer_manager.o
    0x00021cd8   0x00000018   Code   RO         2098    i.pm_device_identities_list_set  peer_manager.o
    0x00021cf0   0x00000168   Code   RO           25    i.pm_evt_handler    main.o
    0x00021e58   0x00000080   Code   RO         2099    i.pm_gcm_evt_handler  peer_manager.o
    0x00021ed8   0x00000050   Code   RO         2102    i.pm_im_evt_handler  peer_manager.o
    0x00021f28   0x00000070   Code   RO         2103    i.pm_init           peer_manager.o
    0x00021f98   0x00000014   Code   RO         2105    i.pm_local_database_has_changed  peer_manager.o
    0x00021fac   0x00000010   Code   RO         2398    i.pm_mutex_init     pm_mutex.o
    0x00021fbc   0x0000001c   Code   RO         2399    i.pm_mutex_lock     pm_mutex.o
    0x00021fd8   0x00000034   Code   RO         2400    i.pm_mutex_lock_first_available  pm_mutex.o
    0x0002200c   0x00000018   Code   RO         2401    i.pm_mutex_lock_status_get  pm_mutex.o
    0x00022024   0x00000036   Code   RO         2402    i.pm_mutex_unlock   pm_mutex.o
    0x0002205a   0x00000002   PAD
    0x0002205c   0x0000001c   Code   RO         2106    i.pm_next_peer_id_get  peer_manager.o
    0x00022078   0x00000024   Code   RO         2107    i.pm_on_ble_evt     peer_manager.o
    0x0002209c   0x0000013c   Code   RO         2108    i.pm_pdb_evt_handler  peer_manager.o
    0x000221d8   0x00000012   Code   RO         2112    i.pm_peer_data_bonding_load  peer_manager.o
    0x000221ea   0x00000002   PAD
    0x000221ec   0x00000060   Code   RO         2115    i.pm_peer_data_load  peer_manager.o
    0x0002224c   0x00000018   Code   RO         2119    i.pm_peer_delete    peer_manager.o
    0x00022264   0x0000003c   Code   RO         2124    i.pm_peers_delete   peer_manager.o
    0x000222a0   0x00000030   Code   RO         2127    i.pm_register       peer_manager.o
    0x000222d0   0x00000018   Code   RO         2129    i.pm_sec_params_set  peer_manager.o
    0x000222e8   0x0000014c   Code   RO         2130    i.pm_sm_evt_handler  peer_manager.o
    0x00022434   0x00000034   Code   RO         2131    i.pm_whitelist_get  peer_manager.o
    0x00022468   0x00000018   Code   RO         2132    i.pm_whitelist_set  peer_manager.o
    0x00022480   0x00000036   Code   RO         2721    i.pnp_id_encode     ble_dis.o
    0x000224b6   0x00000002   PAD
    0x000224b8   0x00000088   Code   RO         2776    i.protocol_mode_char_add  ble_hids.o
    0x00022540   0x0000002c   Code   RO         4209    i.queue_advance     fstorage.o
    0x0002256c   0x00000038   Code   RO         4210    i.queue_get_next_free  fstorage.o
    0x000225a4   0x000000b8   Code   RO         3938    i.queue_process     fds.o
    0x0002265c   0x0000006c   Code   RO         4211    i.queue_process     fstorage.o
    0x000226c8   0x0000001c   Code   RO         3939    i.queue_start       fds.o
    0x000226e4   0x0000001c   Code   RO         4212    i.queue_start       fstorage.o
    0x00022700   0x00000060   Code   RO          417    i.radial_controller_send  radial_controller.o
    0x00022760   0x00000010   Code   RO         4801    i.ram_end_address_get  softdevice_handler.o
    0x00022770   0x00000084   Code   RO         3940    i.record_find       fds.o
    0x000227f4   0x000000a0   Code   RO         3941    i.record_find_by_desc  fds.o
    0x00022894   0x00000054   Code   RO         3942    i.record_find_next  fds.o
    0x000228e8   0x00000038   Code   RO         3943    i.record_header_flag_dirty  fds.o
    0x00022920   0x0000000a   Code   RO         1715    i.record_key_to_peer_data_id  peer_data_storage.o
    0x0002292a   0x00000002   PAD
    0x0002292c   0x00000018   Code   RO         1716    i.record_key_within_pm_range  peer_data_storage.o
    0x00022944   0x0000005c   Code   RO         3944    i.record_write_chunk  fds.o
    0x000229a0   0x00000012   Code   RO         2018    i.release           peer_id.o
    0x000229b2   0x00000002   PAD
    0x000229b4   0x00000118   Code   RO         2777    i.rep_char_add      ble_hids.o
    0x00022acc   0x00000138   Code   RO         2778    i.rep_map_char_add  ble_hids.o
    0x00022c04   0x00000088   Code   RO         2779    i.rep_value_identify  ble_hids.o
    0x00022c8c   0x00000044   Code   RO         3673    i.rtc1_stop         app_timer.o
    0x00022cd0   0x00000026   Code   RO         3334    i.rx_byte           nrf_drv_uart.o
    0x00022cf6   0x00000014   Code   RO         3335    i.rx_done_event     nrf_drv_uart.o
    0x00022d0a   0x00000002   PAD
    0x00022d0c   0x00000084   Code   RO         4803    i.sd_nvic_EnableIRQ  softdevice_handler.o
    0x00022d90   0x00000046   Code   RO         4357    i.sdk_mapped_flags_bulk_update_by_key  sdk_mapped_flags.o
    0x00022dd6   0x00000002   PAD
    0x00022dd8   0x00000028   Code   RO         4358    i.sdk_mapped_flags_first_key_index_get  sdk_mapped_flags.o
    0x00022e00   0x00000010   Code   RO         4359    i.sdk_mapped_flags_get_by_index  sdk_mapped_flags.o
    0x00022e10   0x00000026   Code   RO         4360    i.sdk_mapped_flags_get_by_key  sdk_mapped_flags.o
    0x00022e36   0x00000046   Code   RO         4361    i.sdk_mapped_flags_key_list_get  sdk_mapped_flags.o
    0x00022e7c   0x0000000e   Code   RO         4363    i.sdk_mapped_flags_update_by_key  sdk_mapped_flags.o
    0x00022e8a   0x00000002   PAD
    0x00022e8c   0x000000b4   Code   RO         2455    i.sec_info_request_process  security_dispatcher.o
    0x00022f40   0x00000076   Code   RO         2564    i.sec_params_verify  security_manager.o
    0x00022fb6   0x00000002   PAD
    0x00022fb8   0x0000004c   Code   RO         2456    i.sec_proc_start    security_dispatcher.o
    0x00023004   0x0000001c   Code   RO         2457    i.sec_start_send    security_dispatcher.o
    0x00023020   0x00000048   Code   RO         4213    i.send_event        fstorage.o
    0x00023068   0x00000070   Code   RO           26    i.send_key_scan_press_release  main.o
    0x000230d8   0x0000001c   Code   RO         4410    i.sensorsim_decrement  sensorsim.o
    0x000230f4   0x0000001c   Code   RO         4411    i.sensorsim_increment  sensorsim.o
    0x00023110   0x00000018   Code   RO         4412    i.sensorsim_init    sensorsim.o
    0x00023128   0x0000001a   Code   RO         4413    i.sensorsim_measure  sensorsim.o
    0x00023142   0x0000002c   Code   RO         4451    i.serial_tx         nrf_log_backend_serial.o
    0x0002316e   0x00000002   PAD
    0x00023170   0x00000058   Code   RO         1277    i.service_changed_pending_flags_check  gatt_cache_manager.o
    0x000231c8   0x00000044   Code   RO         1395    i.service_changed_pending_set  gatts_cache_manager.o
    0x0002320c   0x00000098   Code   RO         1278    i.service_changed_send_in_evt  gatt_cache_manager.o
    0x000232a4   0x0000008e   Code   RO          839    i.service_data_encode  ble_advdata.o
    0x00023332   0x00000008   Code   RO           27    i.service_error_handler  main.o
    0x0002333a   0x00000002   PAD
    0x0002333c   0x00000058   Code   RO          920    i.set_adv_mode_fast  ble_advertising.o
    0x00023394   0x00000054   Code   RO          921    i.set_adv_mode_slow  ble_advertising.o
    0x000233e8   0x00000014   Code   RO         2565    i.sm_ble_evt_handler  security_manager.o
    0x000233fc   0x0000001c   Code   RO         2566    i.sm_conn_sec_config_reply  security_manager.o
    0x00023418   0x00000050   Code   RO         2567    i.sm_init           security_manager.o
    0x00023468   0x00000034   Code   RO         2570    i.sm_pdb_evt_handler  security_manager.o
    0x0002349c   0x00000030   Code   RO         2572    i.sm_sec_params_set  security_manager.o
    0x000234cc   0x0000007c   Code   RO         2573    i.sm_smd_evt_handler  security_manager.o
    0x00023548   0x000000e4   Code   RO         2458    i.smd_ble_evt_handler  security_dispatcher.o
    0x0002362c   0x0000003c   Code   RO         2459    i.smd_init          security_dispatcher.o
    0x00023668   0x00000030   Code   RO         2460    i.smd_link_secure   security_dispatcher.o
    0x00023698   0x00000110   Code   RO         2461    i.smd_params_reply  security_dispatcher.o
    0x000237a8   0x00000088   Code   RO         2574    i.smd_params_reply_perform  security_manager.o
    0x00023830   0x00000034   Code   RO         2462    i.smd_pdb_evt_handler  security_dispatcher.o
    0x00023864   0x00000014   Code   RO         4804    i.softdevice_ble_evt_handler_set  softdevice_handler.o
    0x00023878   0x000000e0   Code   RO         4805    i.softdevice_enable  softdevice_handler.o
    0x00023958   0x00000028   Code   RO         4806    i.softdevice_enable_get_default_config  softdevice_handler.o
    0x00023980   0x00000012   Code   RO         4937    i.softdevice_evt_get  softdevice_handler_appsh.o
    0x00023992   0x00000002   PAD
    0x00023994   0x00000014   Code   RO         4938    i.softdevice_evt_schedule  softdevice_handler_appsh.o
    0x000239a8   0x00000008   Code   RO         4807    i.softdevice_fault_handler  softdevice_handler.o
    0x000239b0   0x00000058   Code   RO         4808    i.softdevice_handler_init  softdevice_handler.o
    0x00023a08   0x0000000c   Code   RO         4809    i.softdevice_handler_is_enabled  softdevice_handler.o
    0x00023a14   0x00000014   Code   RO         4814    i.softdevice_sys_evt_handler_set  softdevice_handler.o
    0x00023a28   0x00000010   Code   RO           28    i.sys_evt_dispatch  main.o
    0x00023a38   0x0000004e   Code   RO         2722    i.sys_id_encode     ble_dis.o
    0x00023a86   0x00000002   PAD
    0x00023a88   0x00000084   Code   RO         3674    i.timer_list_handler  app_timer.o
    0x00023b0c   0x00000010   Code   RO         3675    i.timer_list_handler_sched  app_timer.o
    0x00023b1c   0x00000040   Code   RO         3676    i.timer_list_insert  app_timer.o
    0x00023b5c   0x00000048   Code   RO         3677    i.timer_stop_op_schedule  app_timer.o
    0x00023ba4   0x00000080   Code   RO         3678    i.timer_timeouts_check  app_timer.o
    0x00023c24   0x00000034   Code   RO         4452    i.timestamp_process  nrf_log_backend_serial.o
    0x00023c58   0x0000001e   Code   RO         3337    i.tx_byte           nrf_drv_uart.o
    0x00023c76   0x00000018   Code   RO         3338    i.tx_done_event     nrf_drv_uart.o
    0x00023c8e   0x00000128   Code   RO         3339    i.uart_irq_handler  nrf_drv_uart.o
    0x00023db6   0x0000000a   Code   RO          840    i.uint16_encode     ble_advdata.o
    0x00023dc0   0x00000064   Code   RO         1014    i.update_timeout_handler  ble_conn_params.o
    0x00023e24   0x00000018   Code   RO         1094    i.user_flag_is_acquired  ble_conn_state.o
    0x00023e3c   0x0000002c   Code   RO         3679    i.user_op_alloc     app_timer.o
    0x00023e68   0x00000030   Code   RO          841    i.uuid_list_encode  ble_advdata.o
    0x00023e98   0x000000ae   Code   RO          842    i.uuid_list_sized_encode  ble_advdata.o
    0x00023f46   0x00000002   PAD
    0x00023f48   0x00000018   Code   RO          922    i.whitelist_has_entries  ble_advertising.o
    0x00023f60   0x00000024   Code   RO         1865    i.write_buf_length_words_set  peer_database.o
    0x00023f84   0x00000024   Code   RO         1866    i.write_buffer_record_find  peer_database.o
    0x00023fa8   0x00000028   Code   RO         1867    i.write_buffer_record_find_next  peer_database.o
    0x00023fd0   0x00000022   Code   RO         1868    i.write_buffer_record_invalidate  peer_database.o
    0x00023ff2   0x00000002   PAD
    0x00023ff4   0x00000028   Code   RO         1869    i.write_buffer_record_release  peer_database.o
    0x0002401c   0x00000118   Code   RO         3945    i.write_enqueue     fds.o
    0x00024134   0x000000f4   Code   RO         3946    i.write_execute     fds.o
    0x00024228   0x00000014   Code   RO         3947    i.write_space_free  fds.o
    0x0002423c   0x0000004c   Code   RO         3948    i.write_space_reserve  fds.o
    0x00024288   0x00000008   Data   RO           31    .constdata          main.o
    0x00024290   0x00000008   Data   RO          508    .constdata          boards.o
    0x00024298   0x0000002c   Data   RO          626    .constdata          bsp.o
    0x000242c4   0x00000004   Data   RO         1017    .constdata          ble_conn_params.o
    0x000242c8   0x00000004   Data   RO         1396    .constdata          gatts_cache_manager.o
    0x000242cc   0x00000010   Data   RO         1397    .constdata          gatts_cache_manager.o
    0x000242dc   0x00000004   Data   RO         1398    .constdata          gatts_cache_manager.o
    0x000242e0   0x00000008   Data   RO         1498    .constdata          id_manager.o
    0x000242e8   0x00000004   Data   RO         1717    .constdata          peer_data_storage.o
    0x000242ec   0x00000014   Data   RO         1871    .constdata          peer_database.o
    0x00024300   0x00000044   Data   RO         2464    .constdata          security_dispatcher.o
    0x00024344   0x00000004   Data   RO         2575    .constdata          security_manager.o
    0x00024348   0x00000004   Data   RO         3132    .constdata          nrf_drv_gpiote.o
    0x0002434c   0x00000008   Data   RO         3498    .constdata          app_button.o
    0x00024354   0x00000014   Data   RO         3950    .constdata          fds.o
    0x00024368   0x00000081   Data   RO         5011    .constdata          mc_p.l(ctype_o.o)
    0x000243e9   0x00000003   PAD
    0x000243ec   0x00000004   Data   RO         5012    .constdata          mc_p.l(ctype_o.o)
    0x000243f0   0x00000097   Data   RO           32    .conststring        main.o
    0x00024487   0x00000001   PAD
    0x00024488   0x00000042   Data   RO         4815    .conststring        softdevice_handler.o
    0x000244ca   0x00000002   PAD
    0x000244cc   0x00000020   Data   RO         5357    Region$$Table       anon$$obj.o


    Execution Region RW_IRAM1 (Base: 0x20001fe8, Size: 0x000019c0, Max: 0x00006018, ABSOLUTE, COMPRESSED[0x00000124])

    Base Addr    Size         Type   Attr      Idx    E Section Name        Object

    0x20001fe8   0x0000011d   Data   RW           33    .data               main.o
    0x20002105   0x00000001   PAD
    0x20002106   0x00000008   Data   RW          418    .data               radial_controller.o
    0x2000210e   0x00000002   PAD
    0x20002110   0x00000014   Data   RW          627    .data               bsp.o
    0x20002124   0x00000008   Data   RW          733    .data               bsp_btn_ble.o
    0x2000212c   0x00000030   Data   RW          926    .data               ble_advertising.o
    0x2000215c   0x00000014   Data   RW         1018    .data               ble_conn_params.o
    0x20002170   0x0000000c   Data   RW         1279    .data               gatt_cache_manager.o
    0x2000217c   0x0000000c   Data   RW         1399    .data               gatts_cache_manager.o
    0x20002188   0x0000000a   Data   RW         1499    .data               id_manager.o
    0x20002192   0x00000002   PAD
    0x20002194   0x0000000c   Data   RW         1718    .data               peer_data_storage.o
    0x200021a0   0x00000008   Data   RW         1872    .data               peer_database.o
    0x200021a8   0x00000010   Data   RW         2135    .data               peer_manager.o
    0x200021b8   0x00000004   Data   RW         2465    .data               security_dispatcher.o
    0x200021bc   0x00000015   Data   RW         2576    .data               security_manager.o
    0x200021d1   0x00000001   PAD
    0x200021d2   0x0000004a   Data   RW         2723    .data               ble_dis.o
    0x2000221c   0x00000014   Data   RW         3499    .data               app_button.o
    0x20002230   0x00000010   Data   RW         3615    .data               app_scheduler.o
    0x20002240   0x00000020   Data   RW         3680    .data               app_timer.o
    0x20002260   0x0000000c   Data   RW         3831    .data               app_util_platform.o
    0x2000226c   0x00000018   Data   RW         3951    .data               fds.o
    0x20002284   0x00000002   Data   RW         4215    .data               fstorage.o
    0x20002286   0x00000002   Data   RW         4454    .data               nrf_log_backend_serial.o
    0x20002288   0x00000014   Data   RW         4816    .data               softdevice_handler.o
    0x2000229c   0x00000004   Data   RW         4973    .data               system_nrf51.o
    0x200022a0   0x00000010   Data   RW         3952    fs_data             fds.o
    0x200022b0   0x00000020   Zero   RW           29    .bss                main.o
    0x200022d0   0x00000360   Zero   RW           30    .bss                main.o
    0x20002630   0x00000020   Zero   RW          622    .bss                bsp.o
    0x20002650   0x00000020   Zero   RW          623    .bss                bsp.o
    0x20002670   0x0000000c   Zero   RW          624    .bss                bsp.o
    0x2000267c   0x00000020   Zero   RW          625    .bss                bsp.o
    0x2000269c   0x0000016b   Zero   RW          923    .bss                ble_advertising.o
    0x20002807   0x00000001   PAD
    0x20002808   0x00000020   Zero   RW          924    .bss                ble_advertising.o
    0x20002828   0x00000020   Zero   RW          925    .bss                ble_advertising.o
    0x20002848   0x00000020   Zero   RW         1015    .bss                ble_conn_params.o
    0x20002868   0x0000001c   Zero   RW         1016    .bss                ble_conn_params.o
    0x20002884   0x00000034   Zero   RW         1095    .bss                ble_conn_state.o
    0x200028b8   0x00000070   Zero   RW         1497    .bss                id_manager.o
    0x20002928   0x00000330   Zero   RW         1870    .bss                peer_database.o
    0x20002c58   0x00000040   Zero   RW         2019    .bss                peer_id.o
    0x20002c98   0x0000000c   Zero   RW         2133    .bss                peer_manager.o
    0x20002ca4   0x00000040   Zero   RW         2463    .bss                security_dispatcher.o
    0x20002ce4   0x00000014   Zero   RW         2909    .bss                nrf_drv_clock.o
    0x20002cf8   0x00000048   Zero   RW         3131    .bss                nrf_drv_gpiote.o
    0x20002d40   0x0000001c   Zero   RW         3340    .bss                nrf_drv_uart.o
    0x20002d5c   0x00000020   Zero   RW         3497    .bss                app_button.o
    0x20002d7c   0x0000011c   Zero   RW         3949    .bss                fds.o
    0x20002e98   0x00000068   Zero   RW         4214    .bss                fstorage.o
    0x20002f00   0x0000001c   Zero   RW         4547    .bss                nrf_log_frontend.o
    0x20002f1c   0x00000288   Zero   RW         4670    .bss                segger_rtt.o
    0x200031a4   0x00000004   PAD
    0x200031a8   0x00000800   Zero   RW         4961    STACK               arm_startup_nrf51.o


==============================================================================

Image component sizes


      Code (inc. data)   RO Data    RW Data    ZI Data      Debug   Object Name

       328         34          8         20         32       9038   app_button.o
        24          4          0          0          0       2225   app_error.o
        60         34          0          0          0       7114   app_error_weak.o
       260         18          0         16          0      21675   app_scheduler.o
      1608        158          0         32          0      27391   app_timer.o
        46          6          0          0          0       2773   app_timer_appsh.o
       104         20          0         12          0       6426   app_util_platform.o
        56         18        192          0       2048        716   arm_startup_nrf51.o
      1368          6          0          0          0      37444   ble_advdata.o
      1248         88          0         48        427      23645   ble_advertising.o
       596         20          0          0          0       6135   ble_bas.o
       460         60          4         20         60       6640   ble_conn_params.o
       532         52          0          0         52      12081   ble_conn_state.o
       604         16          0         74          0       6703   ble_dis.o
      2862         68          0          0          0      26166   ble_hids.o
        44          0          0          0          0       2858   ble_srv_common.o
       324         58          8          0          0      14883   boards.o
       888         86         44         20        108      34787   bsp.o
       278         12          0          8          0      42237   bsp_btn_ble.o
      3622        378         20         40        284      45234   fds.o
       980         82          0          2        104      12731   fstorage.o
      1044         80          0         12          0      21288   gatt_cache_manager.o
       536         66         24         12          0      10567   gatts_cache_manager.o
      1474        114          8         10        112      24115   id_manager.o
      3690        962        159        285        896     130394   main.o
       276         38          0          0         20      16148   nrf_drv_clock.o
        96         18          0          0          0       7324   nrf_drv_common.o
      1154        100          4          0         72      28156   nrf_drv_gpiote.o
       454          8          0          0         28      16173   nrf_drv_uart.o
       698         32          0          2          0       9611   nrf_log_backend_serial.o
       130          8          0          0         28       8256   nrf_log_frontend.o
         0          0          0          0          0       2420   peer_data.o
      1206         64          4         12          0      18672   peer_data_storage.o
      1374         72         20          8        816      24216   peer_database.o
       370         60          0          0         64       8863   peer_id.o
      1470        138          0         16         12      22084   peer_manager.o
       248          0          0          0          0       4339   pm_buffer.o
       224          0          0          0          0       5221   pm_mutex.o
        96         16          0          8          0       2435   radial_controller.o
       248          6          0          0          0       6140   sdk_mapped_flags.o
      1836        104         68          4         64      20312   security_dispatcher.o
      1086         82          4         21          0      16480   security_manager.o
       398         44          0          0        648       8441   segger_rtt.o
       106          0          0          0          0       3911   sensorsim.o
       748        212         66         20          0      22884   softdevice_handler.o
        38          6          0          0          0       2159   softdevice_handler_appsh.o
       232         36          0          4          0       2383   system_nrf51.o

    ----------------------------------------------------------------------
     35596       3484        668        712       5880     791894   Object Totals
         0          0         32          0          0          0   (incl. Generated)
        72          0          3          6          5          0   (incl. Padding)

    ----------------------------------------------------------------------

      Code (inc. data)   RO Data    RW Data    ZI Data      Debug   Library Member Name

        86          0          0          0          0          0   __dczerorl2.o
         8          4        133          0          0         60   ctype_o.o
         0          0          0          0          0          0   entry.o
         0          0          0          0          0          0   entry10a.o
         0          0          0          0          0          0   entry11a.o
         8          4          0          0          0          0   entry2.o
         4          0          0          0          0          0   entry5.o
         0          0          0          0          0          0   entry7b.o
         0          0          0          0          0          0   entry8b.o
         8          4          0          0          0          0   entry9a.o
        30          0          0          0          0          0   handlers.o
        36          8          0          0          0         68   init.o
        32          0          0          0          0         68   llshl.o
        34          0          0          0          0         68   llushr.o
        26          0          0          0          0         72   memcmp.o
        36          0          0          0          0         60   memcpya.o
        36          0          0          0          0        100   memseta.o
      1206         50          0          0          0        384   printf8.o
        18          0          0          0          0         60   strcpy.o
        14          0          0          0          0         60   strlen.o
        44          0          0          0          0         72   uidiv.o
        96          0          0          0          0         84   uldiv.o

    ----------------------------------------------------------------------
      1724         70        136          0          0       1156   Library Totals
         2          0          3          0          0          0   (incl. Padding)

    ----------------------------------------------------------------------

      Code (inc. data)   RO Data    RW Data    ZI Data      Debug   Library Name

      1722         70        133          0          0       1156   mc_p.l

    ----------------------------------------------------------------------
      1724         70        136          0          0       1156   Library Totals

    ----------------------------------------------------------------------

==============================================================================


      Code (inc. data)   RO Data    RW Data    ZI Data      Debug   

     37320       3554        804        712       5880     772946   Grand Totals
     37320       3554        804        292       5880     772946   ELF Image Totals (compressed)
     37320       3554        804        292          0          0   ROM Totals

==============================================================================

    Total RO  Size (Code + RO Data)                38124 (  37.23kB)
    Total RW  Size (RW Data + ZI Data)              6592 (   6.44kB)
    Total ROM Size (Code + RO Data + RW Data)      38416 (  37.52kB)

==============================================================================

