<html>
<body>
<pre>
<h1>µVision Build Log</h1>
<h2>Tool Versions:</h2>
IDE-Version: ¦ÌVision V5.17.0.0
Copyright (C) 2015 ARM Ltd and ARM Germany GmbH. All rights reserved.
License Information: hh Microsoft, Microsoft, LIC=8VRDY-ISVUS-73MM8-30YMS-0CQLM-XDJ9F
 
Tool Versions:
Toolchain:       MDK-ARM Standard  Version: 5.17
Toolchain Path:  e:\Keil_v5\ARM\ARMCC\Bin
C Compiler:      Armcc.exe V5.06 update 1 (build 61)
Assembler:       Armasm.exe V5.06 update 1 (build 61)
Linker/Locator:  ArmLink.exe V5.06 update 1 (build 61)
Library Manager: ArmAr.exe V5.06 update 1 (build 61)
Hex Converter:   FromElf.exe V5.06 update 1 (build 61)
CPU DLL:         
Dialog DLL:      
Target DLL:      Segger\JL2CM3.dll V2.99.16.0
Dialog DLL:      TARMCM1.DLL V1.9.0.0
 
<h2>Project:</h2>
H:\Inter_Surface_Dial_nRF51822\nRF5_SDK_12.3.0_d7731ad\project\ble_peripheral\ble_app_hids_keyboard\pca10028\s130\arm5_no_packs\ble_app_hids_keyboard_pca10028_s130.uvprojx
Project File Date:  09/04/2017

<h2>Output:</h2>
*** Using Compiler 'V5.06 update 1 (build 61)', folder: 'e:\Keil_v5\ARM\ARMCC\Bin'
Rebuild target 'nrf51422_xxac'
compiling boards.c...
compiling radial_controller.c...
compiling main.c...
..\..\..\main.c(1657): warning:  #177-D: variable "p_key" was declared but never referenced
      static uint8_t * p_key = m_sample_key_press_scan_str;
..\..\..\main.c(1658): warning:  #177-D: variable "size" was declared but never referenced
      static uint8_t   size  = 0;
..\..\..\main.c: 2 warnings, 0 errors
compiling bsp.c...
compiling bsp_btn_ble.c...
compiling bsp_nfc.c...
compiling ble_advdata.c...
compiling ble_advertising.c...
compiling ble_conn_params.c...
compiling ble_conn_state.c...
compiling ble_srv_common.c...
compiling gatt_cache_manager.c...
compiling gatts_cache_manager.c...
compiling id_manager.c...
compiling peer_data.c...
compiling peer_data_storage.c...
compiling peer_database.c...
compiling peer_id.c...
compiling pm_buffer.c...
compiling peer_manager.c...
compiling pm_mutex.c...
compiling ble_bas.c...
compiling security_dispatcher.c...
compiling security_manager.c...
compiling ble_dis.c...
compiling nrf_drv_clock.c...
compiling ble_hids.c...
compiling nrf_drv_common.c...
compiling nrf_drv_uart.c...
compiling nrf_drv_gpiote.c...
compiling app_button.c...
compiling app_error_weak.c...
compiling app_error.c...
compiling app_scheduler.c...
compiling app_util_platform.c...
compiling app_timer_appsh.c...
compiling app_timer.c...
compiling crc16.c...
compiling fstorage.c...
compiling fds.c...
compiling hardfault_implementation.c...
compiling sdk_errors.c...
compiling nrf_assert.c...
compiling sensorsim.c...
compiling sdk_mapped_flags.c...
compiling RTT_Syscalls_KEIL.c...
compiling nrf_log_backend_serial.c...
compiling nrf_log_frontend.c...
compiling SEGGER_RTT_printf.c...
compiling SEGGER_RTT.c...
assembling arm_startup_nrf51.s...
compiling softdevice_handler.c...
compiling softdevice_handler_appsh.c...
compiling system_nrf51.c...
linking...
Program Size: Code=37320 RO-data=804 RW-data=712 ZI-data=5880  
FromELF: creating hex file...
".\_build\nrf51422_xxac.axf" - 0 Error(s), 2 Warning(s).

<h2>Software Packages used:</h2>

Package Vendor: ARM
                http://www.keil.com/pack/ARM.CMSIS.4.5.0.pack
                ARM::CMSIS:CORE:4.3.0
                CMSIS (Cortex Microcontroller Software Interface Standard)
   * Component: CORE Version: 4.3.0

Package Vendor: NordicSemiconductor
                http://developer.nordicsemi.com/nRF5_SDK/pieces/nRF_DeviceFamilyPack/NordicSemiconductor.nRF_DeviceFamilyPack.8.11.1.pack
                NordicSemiconductor::Device:Startup:8.11.1
                Nordic Semiconductor nRF ARM devices Device Family Pack.
   * Component: Startup Version: 8.11.1

<h2>Collection of Component include folders:</h2>
  H:\Inter_Surface_Dial_nRF51822\nRF5_SDK_12.3.0_d7731ad\project\ble_peripheral\ble_app_hids_keyboard\pca10028\s130\arm5_no_packs\RTE
  e:\Keil_v5\ARM\PACK\ARM\CMSIS\4.5.0\CMSIS\Include
  e:\Keil_v5\ARM\PACK\NordicSemiconductor\nRF_DeviceFamilyPack\8.11.1\Device\Include
  e:\Keil_v5\ARM\PACK\NordicSemiconductor\nRF_DeviceFamilyPack\8.14.1\Device\Include

<h2>Collection of Component Files used:</h2>

   * Component: ARM::CMSIS:CORE:4.3.0

   * Component: NordicSemiconductor::Device:Startup:8.11.1
      Source file:   Device\Source\arm\arm_startup_nrf51.s
      Source file:   Device\Source\system_nrf51.c
      Include file:  Device\Include\system_nrf51.h
Build Time Elapsed:  00:00:09
</pre>
</body>
</html>
